Component: ARM Compiler 5.06 update 7 (build 960) Tool: armlink [4d3601]

==============================================================================

Section Cross References

    main.o(i.main) refers to misc.o(i.NVIC_PriorityGroupConfig) for NVIC_PriorityGroupConfig
    main.o(i.main) refers to led.o(i.LED_Init) for LED_Init
    main.o(i.main) refers to key.o(i.KEY_Init) for KEY_Init
    main.o(i.main) refers to encoder.o(i.Encoder_Init_TIM2) for Encoder_Init_TIM2
    main.o(i.main) refers to encoder.o(i.Encoder_Init_TIM3) for Encoder_Init_TIM3
    main.o(i.main) refers to oled.o(i.OLED_Init) for OLED_Init
    main.o(i.main) refers to pwm.o(i.Moto_PWM_Init) for Moto_PWM_Init
    main.o(i.main) refers to pwm.o(i.Servo_PWM_Init) for Servo_PWM_Init
    main.o(i.main) refers to motor.o(i.Motor_Init) for Motor_Init
    main.o(i.main) refers to ps2.o(i.PS2_Init) for PS2_Init
    main.o(i.main) refers to ps2.o(i.PS2_SetInit) for PS2_SetInit
    main.o(i.main) refers to ps2.o(i.PS2_Receive) for PS2_Receive
    main.o(i.main) refers to oled.o(i.OLED_ShowNumber) for OLED_ShowNumber
    main.o(i.main) refers to ps2.o(i.Get_RC) for Get_RC
    main.o(i.main) refers to oled.o(i.OLED_Clear) for OLED_Clear
    main.o(i.main) refers to main.o(.data) for .data
    encoder.o(i.Encoder_Init_TIM2) refers to stm32f4xx_rcc.o(i.RCC_APB1PeriphClockCmd) for RCC_APB1PeriphClockCmd
    encoder.o(i.Encoder_Init_TIM2) refers to stm32f4xx_rcc.o(i.RCC_AHB1PeriphClockCmd) for RCC_AHB1PeriphClockCmd
    encoder.o(i.Encoder_Init_TIM2) refers to stm32f4xx_gpio.o(i.GPIO_Init) for GPIO_Init
    encoder.o(i.Encoder_Init_TIM2) refers to stm32f4xx_gpio.o(i.GPIO_PinAFConfig) for GPIO_PinAFConfig
    encoder.o(i.Encoder_Init_TIM2) refers to stm32f4xx_tim.o(i.TIM_TimeBaseStructInit) for TIM_TimeBaseStructInit
    encoder.o(i.Encoder_Init_TIM2) refers to stm32f4xx_tim.o(i.TIM_TimeBaseInit) for TIM_TimeBaseInit
    encoder.o(i.Encoder_Init_TIM2) refers to stm32f4xx_tim.o(i.TIM_EncoderInterfaceConfig) for TIM_EncoderInterfaceConfig
    encoder.o(i.Encoder_Init_TIM2) refers to stm32f4xx_tim.o(i.TIM_ICStructInit) for TIM_ICStructInit
    encoder.o(i.Encoder_Init_TIM2) refers to stm32f4xx_tim.o(i.TIM_ICInit) for TIM_ICInit
    encoder.o(i.Encoder_Init_TIM2) refers to stm32f4xx_tim.o(i.TIM_ClearFlag) for TIM_ClearFlag
    encoder.o(i.Encoder_Init_TIM2) refers to stm32f4xx_tim.o(i.TIM_ITConfig) for TIM_ITConfig
    encoder.o(i.Encoder_Init_TIM2) refers to stm32f4xx_tim.o(i.TIM_SetCounter) for TIM_SetCounter
    encoder.o(i.Encoder_Init_TIM2) refers to stm32f4xx_tim.o(i.TIM_Cmd) for TIM_Cmd
    encoder.o(i.Encoder_Init_TIM3) refers to stm32f4xx_rcc.o(i.RCC_APB1PeriphClockCmd) for RCC_APB1PeriphClockCmd
    encoder.o(i.Encoder_Init_TIM3) refers to stm32f4xx_rcc.o(i.RCC_AHB1PeriphClockCmd) for RCC_AHB1PeriphClockCmd
    encoder.o(i.Encoder_Init_TIM3) refers to stm32f4xx_gpio.o(i.GPIO_Init) for GPIO_Init
    encoder.o(i.Encoder_Init_TIM3) refers to stm32f4xx_gpio.o(i.GPIO_PinAFConfig) for GPIO_PinAFConfig
    encoder.o(i.Encoder_Init_TIM3) refers to stm32f4xx_tim.o(i.TIM_TimeBaseStructInit) for TIM_TimeBaseStructInit
    encoder.o(i.Encoder_Init_TIM3) refers to stm32f4xx_tim.o(i.TIM_TimeBaseInit) for TIM_TimeBaseInit
    encoder.o(i.Encoder_Init_TIM3) refers to stm32f4xx_tim.o(i.TIM_EncoderInterfaceConfig) for TIM_EncoderInterfaceConfig
    encoder.o(i.Encoder_Init_TIM3) refers to stm32f4xx_tim.o(i.TIM_ICStructInit) for TIM_ICStructInit
    encoder.o(i.Encoder_Init_TIM3) refers to stm32f4xx_tim.o(i.TIM_ICInit) for TIM_ICInit
    encoder.o(i.Encoder_Init_TIM3) refers to stm32f4xx_tim.o(i.TIM_ClearFlag) for TIM_ClearFlag
    encoder.o(i.Encoder_Init_TIM3) refers to stm32f4xx_tim.o(i.TIM_ITConfig) for TIM_ITConfig
    encoder.o(i.Encoder_Init_TIM3) refers to stm32f4xx_tim.o(i.TIM_SetCounter) for TIM_SetCounter
    encoder.o(i.Encoder_Init_TIM3) refers to stm32f4xx_tim.o(i.TIM_Cmd) for TIM_Cmd
    encoder.o(i.Read_Encoder) refers to stm32f4xx_tim.o(i.TIM_GetCounter) for TIM_GetCounter
    encoder.o(i.Read_Encoder) refers to stm32f4xx_tim.o(i.TIM_SetCounter) for TIM_SetCounter
    encoder.o(i.TIM2_IRQHandler) refers to stm32f4xx_tim.o(i.TIM_GetITStatus) for TIM_GetITStatus
    encoder.o(i.TIM2_IRQHandler) refers to stm32f4xx_tim.o(i.TIM_ClearITPendingBit) for TIM_ClearITPendingBit
    encoder.o(i.TIM3_IRQHandler) refers to stm32f4xx_tim.o(i.TIM_GetITStatus) for TIM_GetITStatus
    encoder.o(i.TIM3_IRQHandler) refers to stm32f4xx_tim.o(i.TIM_ClearITPendingBit) for TIM_ClearITPendingBit
    key.o(i.KEY1_Get) refers to stm32f4xx_gpio.o(i.GPIO_ReadInputDataBit) for GPIO_ReadInputDataBit
    key.o(i.KEY1_Get) refers to delay.o(i.Delay_ms) for Delay_ms
    key.o(i.KEY1_Get) refers to key.o(.data) for .data
    key.o(i.KEY2_Get) refers to stm32f4xx_gpio.o(i.GPIO_ReadInputDataBit) for GPIO_ReadInputDataBit
    key.o(i.KEY2_Get) refers to delay.o(i.Delay_ms) for Delay_ms
    key.o(i.KEY2_Get) refers to key.o(.data) for .data
[...]
    Removing stm32f4xx_tim.o(i.TIM_CCxCmd), (22 bytes).
    Removing stm32f4xx_tim.o(i.TIM_CCxNCmd), (22 bytes).
    Removing stm32f4xx_tim.o(i.TIM_ClearOC1Ref), (12 bytes).
    Removing stm32f4xx_tim.o(i.TIM_ClearOC2Ref), (20 bytes).
    Removing stm32f4xx_tim.o(i.TIM_ClearOC3Ref), (12 bytes).
    Removing stm32f4xx_tim.o(i.TIM_ClearOC4Ref), (20 bytes).
    Removing stm32f4xx_tim.o(i.TIM_CounterModeConfig), (12 bytes).
    Removing stm32f4xx_tim.o(i.TIM_DMACmd), (16 bytes).
    Removing stm32f4xx_tim.o(i.TIM_DMAConfig), (8 bytes).
    Removing stm32f4xx_tim.o(i.TIM_DeInit), (336 bytes).
    Removing stm32f4xx_tim.o(i.TIM_ETRClockMode1Config), (18 bytes).
    Removing stm32f4xx_tim.o(i.TIM_ETRClockMode2Config), (18 bytes).
    Removing stm32f4xx_tim.o(i.TIM_ETRConfig), (24 bytes).
    Removing stm32f4xx_tim.o(i.TIM_ForcedOC1Config), (12 bytes).
    Removing stm32f4xx_tim.o(i.TIM_ForcedOC2Config), (20 bytes).
    Removing stm32f4xx_tim.o(i.TIM_ForcedOC3Config), (12 bytes).
    Removing stm32f4xx_tim.o(i.TIM_ForcedOC4Config), (20 bytes).
    Removing stm32f4xx_tim.o(i.TIM_GenerateEvent), (4 bytes).
    Removing stm32f4xx_tim.o(i.TIM_GetCapture1), (4 bytes).
    Removing stm32f4xx_tim.o(i.TIM_GetCapture2), (4 bytes).
    Removing stm32f4xx_tim.o(i.TIM_GetCapture3), (4 bytes).
    Removing stm32f4xx_tim.o(i.TIM_GetCapture4), (4 bytes).
    Removing stm32f4xx_tim.o(i.TIM_GetCounter), (4 bytes).
    Removing stm32f4xx_tim.o(i.TIM_GetFlagStatus), (14 bytes).
    Removing stm32f4xx_tim.o(i.TIM_GetPrescaler), (4 bytes).
    Removing stm32f4xx_tim.o(i.TIM_ITRxExternalClockConfig), (18 bytes).
    Removing stm32f4xx_tim.o(i.TIM_InternalClockConfig), (10 bytes).
    Removing stm32f4xx_tim.o(i.TIM_OC1FastConfig), (12 bytes).
    Removing stm32f4xx_tim.o(i.TIM_OC1NPolarityConfig), (12 bytes).
    Removing stm32f4xx_tim.o(i.TIM_OC1PolarityConfig), (12 bytes).
    Removing stm32f4xx_tim.o(i.TIM_OC2FastConfig), (20 bytes).
    Removing stm32f4xx_tim.o(i.TIM_OC2NPolarityConfig), (20 bytes).
    Removing stm32f4xx_tim.o(i.TIM_OC2PolarityConfig), (20 bytes).
    Removing stm32f4xx_tim.o(i.TIM_OC3FastConfig), (12 bytes).
    Removing stm32f4xx_tim.o(i.TIM_OC3Init), (124 bytes).
    Removing stm32f4xx_tim.o(i.TIM_OC3NPolarityConfig), (20 bytes).
    Removing stm32f4xx_tim.o(i.TIM_OC3PolarityConfig), (20 bytes).
    Removing stm32f4xx_tim.o(i.TIM_OC3PreloadConfig), (12 bytes).
    Removing stm32f4xx_tim.o(i.TIM_OC4FastConfig), (20 bytes).
    Removing stm32f4xx_tim.o(i.TIM_OC4Init), (96 bytes).
    Removing stm32f4xx_tim.o(i.TIM_OC4PolarityConfig), (20 bytes).
    Removing stm32f4xx_tim.o(i.TIM_OC4PreloadConfig), (20 bytes).
    Removing stm32f4xx_tim.o(i.TIM_PWMIConfig), (108 bytes).
    Removing stm32f4xx_tim.o(i.TIM_PrescalerConfig), (6 bytes).
    Removing stm32f4xx_tim.o(i.TIM_RemapConfig), (6 bytes).
    Removing stm32f4xx_tim.o(i.TIM_SelectCCDMA), (20 bytes).
    Removing stm32f4xx_tim.o(i.TIM_SelectCOM), (20 bytes).
    Removing stm32f4xx_tim.o(i.TIM_SelectHallSensor), (20 bytes).
    Removing stm32f4xx_tim.o(i.TIM_SelectInputTrigger), (12 bytes).
    Removing stm32f4xx_tim.o(i.TIM_SelectMasterSlaveMode), (16 bytes).
    Removing stm32f4xx_tim.o(i.TIM_SelectOnePulseMode), (16 bytes).
    Removing stm32f4xx_tim.o(i.TIM_SelectOutputTrigger), (16 bytes).
    Removing stm32f4xx_tim.o(i.TIM_SelectSlaveMode), (16 bytes).
    Removing stm32f4xx_tim.o(i.TIM_SetAutoreload), (4 bytes).
    Removing stm32f4xx_tim.o(i.TIM_SetClockDivision), (16 bytes).
    Removing stm32f4xx_tim.o(i.TIM_SetCompare3), (4 bytes).
    Removing stm32f4xx_tim.o(i.TIM_SetCompare4), (4 bytes).
    Removing stm32f4xx_tim.o(i.TIM_TIxExternalClockConfig), (46 bytes).
    Removing stm32f4xx_tim.o(i.TIM_UpdateDisableConfig), (20 bytes).
    Removing stm32f4xx_tim.o(i.TIM_UpdateRequestConfig), (20 bytes).
    Removing stm32f4xx_usart.o(.rev16_text), (4 bytes).
    Removing stm32f4xx_usart.o(.revsh_text), (4 bytes).
    Removing stm32f4xx_usart.o(.rrx_text), (6 bytes).
    Removing stm32f4xx_usart.o(i.USART_ClearFlag), (6 bytes).
    Removing stm32f4xx_usart.o(i.USART_ClearITPendingBit), (12 bytes).
    Removing stm32f4xx_usart.o(i.USART_ClockInit), (28 bytes).
    Removing stm32f4xx_usart.o(i.USART_ClockStructInit), (12 bytes).
    Removing stm32f4xx_usart.o(i.USART_Cmd), (20 bytes).
    Removing stm32f4xx_usart.o(i.USART_DMACmd), (16 bytes).
    Removing stm32f4xx_usart.o(i.USART_DeInit), (172 bytes).
    Removing stm32f4xx_usart.o(i.USART_HalfDuplexCmd), (20 bytes).
    Removing stm32f4xx_usart.o(i.USART_ITConfig), (48 bytes).
    Removing stm32f4xx_usart.o(i.USART_Init), (172 bytes).
    Removing stm32f4xx_usart.o(i.USART_IrDACmd), (20 bytes).
    Removing stm32f4xx_usart.o(i.USART_IrDAConfig), (16 bytes).
    Removing stm32f4xx_usart.o(i.USART_LINBreakDetectLengthConfig), (16 bytes).
    Removing stm32f4xx_usart.o(i.USART_LINCmd), (20 bytes).
    Removing stm32f4xx_usart.o(i.USART_OneBitMethodCmd), (20 bytes).
    Removing stm32f4xx_usart.o(i.USART_OverSampling8Cmd), (20 bytes).
    Removing stm32f4xx_usart.o(i.USART_ReceiverWakeUpCmd), (20 bytes).
    Removing stm32f4xx_usart.o(i.USART_SendBreak), (10 bytes).
    Removing stm32f4xx_usart.o(i.USART_SendData), (8 bytes).
    Removing stm32f4xx_usart.o(i.USART_SetAddress), (16 bytes).
    Removing stm32f4xx_usart.o(i.USART_SetGuardTime), (16 bytes).
    Removing stm32f4xx_usart.o(i.USART_SetPrescaler), (16 bytes).
    Removing stm32f4xx_usart.o(i.USART_SmartCardCmd), (20 bytes).
    Removing stm32f4xx_usart.o(i.USART_SmartCardNACKCmd), (20 bytes).
    Removing stm32f4xx_usart.o(i.USART_StructInit), (22 bytes).
    Removing stm32f4xx_usart.o(i.USART_WakeUpConfig), (16 bytes).
    Removing stm32f4xx_wwdg.o(.rev16_text), (4 bytes).
    Removing stm32f4xx_wwdg.o(.revsh_text), (4 bytes).
    Removing stm32f4xx_wwdg.o(.rrx_text), (6 bytes).
    Removing stm32f4xx_wwdg.o(i.WWDG_ClearFlag), (12 bytes).
    Removing stm32f4xx_wwdg.o(i.WWDG_DeInit), (24 bytes).
    Removing stm32f4xx_wwdg.o(i.WWDG_Enable), (16 bytes).
    Removing stm32f4xx_wwdg.o(i.WWDG_EnableIT), (16 bytes).
    Removing stm32f4xx_wwdg.o(i.WWDG_GetFlagStatus), (20 bytes).
    Removing stm32f4xx_wwdg.o(i.WWDG_SetCounter), (16 bytes).
    Removing stm32f4xx_wwdg.o(i.WWDG_SetPrescaler), (20 bytes).
    Removing stm32f4xx_wwdg.o(i.WWDG_SetWindowValue), (28 bytes).
    Removing stm32f4xx_fsmc.o(.rev16_text), (4 bytes).
    Removing stm32f4xx_fsmc.o(.revsh_text), (4 bytes).
    Removing stm32f4xx_fsmc.o(.rrx_text), (6 bytes).
    Removing stm32f4xx_fsmc.o(i.FSMC_ClearFlag), (38 bytes).
    Removing stm32f4xx_fsmc.o(i.FSMC_ClearITPendingBit), (44 bytes).
    Removing stm32f4xx_fsmc.o(i.FSMC_GetECC), (18 bytes).
    Removing stm32f4xx_fsmc.o(i.FSMC_GetFlagStatus), (40 bytes).
    Removing stm32f4xx_fsmc.o(i.FSMC_GetITStatus), (48 bytes).
    Removing stm32f4xx_fsmc.o(i.FSMC_ITConfig), (72 bytes).
    Removing stm32f4xx_fsmc.o(i.FSMC_NANDCmd), (56 bytes).
    Removing stm32f4xx_fsmc.o(i.FSMC_NANDDeInit), (40 bytes).
    Removing stm32f4xx_fsmc.o(i.FSMC_NANDECCCmd), (56 bytes).
    Removing stm32f4xx_fsmc.o(i.FSMC_NANDInit), (164 bytes).
    Removing stm32f4xx_fsmc.o(i.FSMC_NANDStructInit), (54 bytes).
    Removing stm32f4xx_fsmc.o(i.FSMC_NORSRAMCmd), (32 bytes).
    Removing stm32f4xx_fsmc.o(i.FSMC_NORSRAMDeInit), (40 bytes).
    Removing stm32f4xx_fsmc.o(i.FSMC_NORSRAMInit), (228 bytes).
    Removing stm32f4xx_fsmc.o(i.FSMC_NORSRAMStructInit), (48 bytes).
    Removing stm32f4xx_fsmc.o(i.FSMC_PCCARDCmd), (32 bytes).
    Removing stm32f4xx_fsmc.o(i.FSMC_PCCARDDeInit), (26 bytes).
    Removing stm32f4xx_fsmc.o(i.FSMC_PCCARDInit), (120 bytes).
    Removing stm32f4xx_fsmc.o(i.FSMC_PCCARDStructInit), (60 bytes).
    Removing stm32f4xx_fsmc.o(.constdata), (28 bytes).
    Removing startup_stm32f40xx.o(HEAP), (512 bytes).
    Removing system_stm32f4xx.o(.rev16_text), (4 bytes).
    Removing system_stm32f4xx.o(.revsh_text), (4 bytes).
    Removing system_stm32f4xx.o(.rrx_text), (6 bytes).
    Removing system_stm32f4xx.o(i.SystemCoreClockUpdate), (124 bytes).
    Removing dadd.o(.text), (334 bytes).
    Removing dmul.o(.text), (228 bytes).
    Removing ddiv.o(.text), (222 bytes).
    Removing dneg.o(.text), (6 bytes).
    Removing dflti.o(.text), (34 bytes).
    Removing dfltui.o(.text), (26 bytes).
    Removing dfixi.o(.text), (62 bytes).
    Removing dfixui.o(.text), (50 bytes).
    Removing f2d.o(.text), (38 bytes).
    Removing cdcmple.o(.text), (48 bytes).
    Removing d2f.o(.text), (56 bytes).
    Removing fepilogue.o(.text), (110 bytes).
    Removing depilogue.o(.text), (186 bytes).
    Removing dfixul.o(.text), (48 bytes).
    Removing cdrcmple.o(.text), (48 bytes).
    Removing dsqrt.o(.text), (162 bytes).

1087 unused section(s) (total 65906 bytes) removed from the image.

==============================================================================

Image Symbol Table

    Local Symbols

    Symbol Name                              Value     Ov Type        Size  Object(Section)

    ../clib/microlib/division.c              0x00000000   Number         0  uidiv.o ABSOLUTE
    ../clib/microlib/division.c              0x00000000   Number         0  ldiv.o ABSOLUTE
    ../clib/microlib/division.c              0x00000000   Number         0  uldiv.o ABSOLUTE
    ../clib/microlib/errno.c                 0x00000000   Number         0  errno.o ABSOLUTE
    ../clib/microlib/init/entry.s            0x00000000   Number         0  entry8a.o ABSOLUTE
    ../clib/microlib/init/entry.s            0x00000000   Number         0  entry10b.o ABSOLUTE
    ../clib/microlib/init/entry.s            0x00000000   Number         0  entry12a.o ABSOLUTE
    ../clib/microlib/init/entry.s            0x00000000   Number         0  entry11b.o ABSOLUTE
    ../clib/microlib/init/entry.s            0x00000000   Number         0  entry12b.o ABSOLUTE
    ../clib/microlib/init/entry.s            0x00000000   Number         0  entry7b.o ABSOLUTE
    ../clib/microlib/init/entry.s            0x00000000   Number         0  entry11a.o ABSOLUTE
    ../clib/microlib/init/entry.s            0x00000000   Number         0  entry2.o ABSOLUTE
    ../clib/microlib/init/entry.s            0x00000000   Number         0  entry5.o ABSOLUTE
    ../clib/microlib/init/entry.s            0x00000000   Number         0  entry7a.o ABSOLUTE
    ../clib/microlib/init/entry.s            0x00000000   Number         0  entry.o ABSOLUTE
    ../clib/microlib/init/entry.s            0x00000000   Number         0  entry8b.o ABSOLUTE
    ../clib/microlib/init/entry.s            0x00000000   Number         0  entry9a.o ABSOLUTE
    ../clib/microlib/init/entry.s            0x00000000   Number         0  entry9b.o ABSOLUTE
    ../clib/microlib/init/entry.s            0x00000000   Number         0  entry10a.o ABSOLUTE
    ../clib/microlib/longlong.c              0x00000000   Number         0  llshl.o ABSOLUTE
    ../clib/microlib/longlong.c              0x00000000   Number         0  llushr.o ABSOLUTE
    ../clib/microlib/longlong.c              0x00000000   Number         0  llsshr.o ABSOLUTE
    ../clib/microlib/printf/printf.c         0x00000000   Number         0  printfa.o ABSOLUTE
    ../clib/microlib/printf/printf.c         0x00000000   Number         0  printf8.o ABSOLUTE
    ../clib/microlib/printf/printf.c         0x00000000   Number         0  printf7.o ABSOLUTE
    ../clib/microlib/printf/printf.c         0x00000000   Number         0  printf5.o ABSOLUTE
    ../clib/microlib/printf/printf.c         0x00000000   Number         0  printf4.o ABSOLUTE
    ../clib/microlib/printf/printf.c         0x00000000   Number         0  printf6.o ABSOLUTE
    ../clib/microlib/printf/printf.c         0x00000000   Number         0  printf2.o ABSOLUTE
    ../clib/microlib/printf/printf.c         0x00000000   Number         0  printf1.o ABSOLUTE
    ../clib/microlib/printf/printf.c         0x00000000   Number         0  printf0.o ABSOLUTE
    ../clib/microlib/printf/printf.c         0x00000000   Number         0  printfb.o ABSOLUTE
    ../clib/microlib/printf/printf.c         0x00000000   Number         0  printf3.o ABSOLUTE
    ../clib/microlib/printf/stubs.s          0x00000000   Number         0  stubs.o ABSOLUTE
    ../clib/microlib/string/memcmp.c         0x00000000   Number         0  memcmp.o ABSOLUTE
    ../clib/microlib/string/memset.c         0x00000000   Number         0  memseta.o ABSOLUTE
    ../clib/microlib/stubs.s                 0x00000000   Number         0  useno.o ABSOLUTE
    ../clib/microlib/stubs.s                 0x00000000   Number         0  iusefp.o ABSOLUTE
    ../fplib/microlib/d2f.c                  0x00000000   Number         0  d2f.o ABSOLUTE
    ../fplib/microlib/f2d.c                  0x00000000   Number         0  f2d.o ABSOLUTE
    ../fplib/microlib/fpadd.c                0x00000000   Number         0  dadd.o ABSOLUTE
    ../fplib/microlib/fpdiv.c                0x00000000   Number         0  ddiv.o ABSOLUTE
    ../fplib/microlib/fpepilogue.c           0x00000000   Number         0  fepilogue.o ABSOLUTE
    ../fplib/microlib/fpepilogue.c           0x00000000   Number         0  depilogue.o ABSOLUTE
    ../fplib/microlib/fpfix.c                0x00000000   Number         0  dfixul.o ABSOLUTE
    ../fplib/microlib/fpfix.c                0x00000000   Number         0  dfixi.o ABSOLUTE
    ../fplib/microlib/fpfix.c                0x00000000   Number         0  dfixui.o ABSOLUTE
    ../fplib/microlib/fpflt.c                0x00000000   Number         0  dflti.o ABSOLUTE
    ../fplib/microlib/fpflt.c                0x00000000   Number         0  dfltui.o ABSOLUTE
    ../fplib/microlib/fpmul.c                0x00000000   Number         0  dmul.o ABSOLUTE
    ../fplib/microlib/fpneg.c                0x00000000   Number         0  dneg.o ABSOLUTE
    ../fplib/microlib/fpsqrt.c               0x00000000   Number         0  dsqrt.o ABSOLUTE
    ../mathlib/asin.c                        0x00000000   Number         0  asin_x.o ABSOLUTE
    ../mathlib/asin.c                        0x00000000   Number         0  asin.o ABSOLUTE
    ../mathlib/atan.c                        0x00000000   Number         0  atan.o ABSOLUTE
    ../mathlib/atan.c                        0x00000000   Number         0  atan_x.o ABSOLUTE
    ../mathlib/atan2.c                       0x00000000   Number         0  atan2.o ABSOLUTE
    ../mathlib/atan2.c                       0x00000000   Number         0  atan2_x.o ABSOLUTE
    ../mathlib/dunder.c                      0x00000000   Number         0  dunder.o ABSOLUTE
    ../mathlib/fabs.c                        0x00000000   Number         0  fabs.o ABSOLUTE
    ../mathlib/fpclassify.c                  0x00000000   Number         0  fpclassify.o ABSOLUTE
    ../mathlib/poly.c                        0x00000000   Number         0  poly.o ABSOLUTE
    ../mathlib/qnan.c                        0x00000000   Number         0  qnan.o ABSOLUTE
    ../mathlib/sqrt.c                        0x00000000   Number         0  sqrt_x.o ABSOLUTE
    ../mathlib/sqrt.c                        0x00000000   Number         0  sqrt.o ABSOLUTE
    ..\Hardware\Bluetooth.c                  0x00000000   Number         0  bluetooth.o ABSOLUTE
    ..\Hardware\Buzzer.c                     0x00000000   Number         0  buzzer.o ABSOLUTE
    ..\Hardware\Control.c                    0x00000000   Number         0  control.o ABSOLUTE
    ..\Hardware\DCMI.c                       0x00000000   Number         0  dcmi.o ABSOLUTE
    ..\Hardware\DataScope.c                  0x00000000   Number         0  datascope.o ABSOLUTE
    ..\Hardware\EXTI.c                       0x00000000   Number         0  exti.o ABSOLUTE
    ..\Hardware\Encoder.c                    0x00000000   Number         0  encoder.o ABSOLUTE
    ..\Hardware\Key.c                        0x00000000   Number         0  key.o ABSOLUTE
    ..\Hardware\LED.c                        0x00000000   Number         0  led.o ABSOLUTE
    ..\Hardware\Menu.c                       0x00000000   Number         0  menu.o ABSOLUTE
    ..\Hardware\Motor.c                      0x00000000   Number         0  motor.o ABSOLUTE
    ..\Hardware\OLED.c                       0x00000000   Number         0  oled.o ABSOLUTE
    ..\Hardware\OV2640.c                     0x00000000   Number         0  ov2640.o ABSOLUTE
    ..\Hardware\PS2.c                        0x00000000   Number         0  ps2.o ABSOLUTE
    ..\Hardware\PWM.c                        0x00000000   Number         0  pwm.o ABSOLUTE
    ..\Hardware\Speed.c                      0x00000000   Number         0  speed.o ABSOLUTE
    ..\Hardware\Timer.c                      0x00000000   Number         0  timer.o ABSOLUTE
    ..\Hardware\camera.c                     0x00000000   Number         0  camera.o ABSOLUTE
    ..\Hardware\eMPL\inv_mpu.c               0x00000000   Number         0  inv_mpu.o ABSOLUTE
    ..\Hardware\eMPL\inv_mpu_dmp_motion_driver.c 0x00000000   Number         0  inv_mpu_dmp_motion_driver.o ABSOLUTE
    ..\Hardware\function.c                   0x00000000   Number         0  function.o ABSOLUTE
    ..\Hardware\fuzzy.c                      0x00000000   Number         0  fuzzy.o ABSOLUTE
    ..\Hardware\lcd.c                        0x00000000   Number         0  lcd.o ABSOLUTE
    ..\Hardware\mpu6050.c                    0x00000000   Number         0  mpu6050.o ABSOLUTE
    ..\Hardware\mpuiic.c                     0x00000000   Number         0  mpuiic.o ABSOLUTE
    ..\Hardware\state.c                      0x00000000   Number         0  state.o ABSOLUTE
    ..\Libraries\CMSIS\Device\ST\STM32F4xx\Source\Templates\arm\startup_stm32f40xx.s 0x00000000   Number         0  startup_stm32f40xx.o ABSOLUTE
    ..\Libraries\CMSIS\Device\ST\STM32F4xx\Source\Templates\system_stm32f4xx.c 0x00000000   Number         0  system_stm32f4xx.o ABSOLUTE
    ..\Libraries\STM32F4xx_StdPeriph_Driver\src\misc.c 0x00000000   Number         0  misc.o ABSOLUTE
    ..\Libraries\STM32F4xx_StdPeriph_Driver\src\stm32f4xx_adc.c 0x00000000   Number         0  stm32f4xx_adc.o ABSOLUTE
    ..\Libraries\STM32F4xx_StdPeriph_Driver\src\stm32f4xx_can.c 0x00000000   Number         0  stm32f4xx_can.o ABSOLUTE
    ..\Libraries\STM32F4xx_StdPeriph_Driver\src\stm32f4xx_cec.c 0x00000000   Number         0  stm32f4xx_cec.o ABSOLUTE
    ..\Libraries\STM32F4xx_StdPeriph_Driver\src\stm32f4xx_crc.c 0x00000000   Number         0  stm32f4xx_crc.o ABSOLUTE
    ..\Libraries\STM32F4xx_StdPeriph_Driver\src\stm32f4xx_cryp.c 0x00000000   Number         0  stm32f4xx_cryp.o ABSOLUTE
    ..\Libraries\STM32F4xx_StdPeriph_Driver\src\stm32f4xx_cryp_aes.c 0x00000000   Number         0  stm32f4xx_cryp_aes.o ABSOLUTE
    ..\Libraries\STM32F4xx_StdPeriph_Driver\src\stm32f4xx_cryp_des.c 0x00000000   Number         0  stm32f4xx_cryp_des.o ABSOLUTE
    ..\Libraries\STM32F4xx_StdPeriph_Driver\src\stm32f4xx_cryp_tdes.c 0x00000000   Number         0  stm32f4xx_cryp_tdes.o ABSOLUTE
    ..\Libraries\STM32F4xx_StdPeriph_Driver\src\stm32f4xx_dac.c 0x00000000   Number         0  stm32f4xx_dac.o ABSOLUTE
    ..\Libraries\STM32F4xx_StdPeriph_Driver\src\stm32f4xx_dbgmcu.c 0x00000000   Number         0  stm32f4xx_dbgmcu.o ABSOLUTE
    ..\Libraries\STM32F4xx_StdPeriph_Driver\src\stm32f4xx_dcmi.c 0x00000000   Number         0  stm32f4xx_dcmi.o ABSOLUTE
    ..\Libraries\STM32F4xx_StdPeriph_Driver\src\stm32f4xx_dfsdm.c 0x00000000   Number         0  stm32f4xx_dfsdm.o ABSOLUTE
    ..\Libraries\STM32F4xx_StdPeriph_Driver\src\stm32f4xx_dma.c 0x00000000   Number         0  stm32f4xx_dma.o ABSOLUTE
    ..\Libraries\STM32F4xx_StdPeriph_Driver\src\stm32f4xx_dsi.c 0x00000000   Number         0  stm32f4xx_dsi.o ABSOLUTE
    ..\Libraries\STM32F4xx_StdPeriph_Driver\src\stm32f4xx_exti.c 0x00000000   Number         0  stm32f4xx_exti.o ABSOLUTE
    ..\Libraries\STM32F4xx_StdPeriph_Driver\src\stm32f4xx_flash.c 0x00000000   Number         0  stm32f4xx_flash.o ABSOLUTE
    ..\Libraries\STM32F4xx_StdPeriph_Driver\src\stm32f4xx_flash_ramfunc.c 0x00000000   Number         0  stm32f4xx_flash_ramfunc.o ABSOLUTE
    ..\Libraries\STM32F4xx_StdPeriph_Driver\src\stm32f4xx_fmpi2c.c 0x00000000   Number         0  stm32f4xx_fmpi2c.o ABSOLUTE
    ..\Libraries\STM32F4xx_StdPeriph_Driver\src\stm32f4xx_fsmc.c 0x00000000   Number         0  stm32f4xx_fsmc.o ABSOLUTE
    ..\Libraries\STM32F4xx_StdPeriph_Driver\src\stm32f4xx_gpio.c 0x00000000   Number         0  stm32f4xx_gpio.o ABSOLUTE
    ..\Libraries\STM32F4xx_StdPeriph_Driver\src\stm32f4xx_hash.c 0x00000000   Number         0  stm32f4xx_hash.o ABSOLUTE
    ..\Libraries\STM32F4xx_StdPeriph_Driver\src\stm32f4xx_hash_md5.c 0x00000000   Number         0  stm32f4xx_hash_md5.o ABSOLUTE
    ..\Libraries\STM32F4xx_StdPeriph_Driver\src\stm32f4xx_hash_sha1.c 0x00000000   Number         0  stm32f4xx_hash_sha1.o ABSOLUTE
    ..\Libraries\STM32F4xx_StdPeriph_Driver\src\stm32f4xx_i2c.c 0x00000000   Number         0  stm32f4xx_i2c.o ABSOLUTE
    ..\Libraries\STM32F4xx_StdPeriph_Driver\src\stm32f4xx_iwdg.c 0x00000000   Number         0  stm32f4xx_iwdg.o ABSOLUTE
    ..\Libraries\STM32F4xx_StdPeriph_Driver\src\stm32f4xx_lptim.c 0x00000000   Number         0  stm32f4xx_lptim.o ABSOLUTE
    ..\Libraries\STM32F4xx_StdPeriph_Driver\src\stm32f4xx_pwr.c 0x00000000   Number         0  stm32f4xx_pwr.o ABSOLUTE
    ..\Libraries\STM32F4xx_StdPeriph_Driver\src\stm32f4xx_qspi.c 0x00000000   Number         0  stm32f4xx_qspi.o ABSOLUTE
    ..\Libraries\STM32F4xx_StdPeriph_Driver\src\stm32f4xx_rcc.c 0x00000000   Number         0  stm32f4xx_rcc.o ABSOLUTE
    ..\Libraries\STM32F4xx_StdPeriph_Driver\src\stm32f4xx_rng.c 0x00000000   Number         0  stm32f4xx_rng.o ABSOLUTE
    ..\Libraries\STM32F4xx_StdPeriph_Driver\src\stm32f4xx_rtc.c 0x00000000   Number         0  stm32f4xx_rtc.o ABSOLUTE
    ..\Libraries\STM32F4xx_StdPeriph_Driver\src\stm32f4xx_sai.c 0x00000000   Number         0  stm32f4xx_sai.o ABSOLUTE
    ..\Libraries\STM32F4xx_StdPeriph_Driver\src\stm32f4xx_sdio.c 0x00000000   Number         0  stm32f4xx_sdio.o ABSOLUTE
    ..\Libraries\STM32F4xx_StdPeriph_Driver\src\stm32f4xx_spdifrx.c 0x00000000   Number         0  stm32f4xx_spdifrx.o ABSOLUTE
    ..\Libraries\STM32F4xx_StdPeriph_Driver\src\stm32f4xx_spi.c 0x00000000   Number         0  stm32f4xx_spi.o ABSOLUTE
    ..\Libraries\STM32F4xx_StdPeriph_Driver\src\stm32f4xx_syscfg.c 0x00000000   Number         0  stm32f4xx_syscfg.o ABSOLUTE
    ..\Libraries\STM32F4xx_StdPeriph_Driver\src\stm32f4xx_tim.c 0x00000000   Number         0  stm32f4xx_tim.o ABSOLUTE
    ..\Libraries\STM32F4xx_StdPeriph_Driver\src\stm32f4xx_usart.c 0x00000000   Number         0  stm32f4xx_usart.o ABSOLUTE
    ..\Libraries\STM32F4xx_StdPeriph_Driver\src\stm32f4xx_wwdg.c 0x00000000   Number         0  stm32f4xx_wwdg.o ABSOLUTE
    ..\System\Delay.c                        0x00000000   Number         0  delay.o ABSOLUTE
    ..\System\Direction.c                    0x00000000   Number         0  direction.o ABSOLUTE
    ..\System\SCCB.c                         0x00000000   Number         0  sccb.o ABSOLUTE
    ..\System\USART.c                        0x00000000   Number         0  usart.o ABSOLUTE
    ..\System\VisionAnalys.c                 0x00000000   Number         0  visionanalys.o ABSOLUTE
    ..\System\sys.c                          0x00000000   Number         0  sys.o ABSOLUTE
    ..\User\main.c                           0x00000000   Number         0  main.o ABSOLUTE
    ..\User\stm32f4xx_it.c                   0x00000000   Number         0  stm32f4xx_it.o ABSOLUTE
    ..\\Hardware\\Bluetooth.c                0x00000000   Number         0  bluetooth.o ABSOLUTE
    ..\\Hardware\\Buzzer.c                   0x00000000   Number         0  buzzer.o ABSOLUTE
    ..\\Hardware\\DCMI.c                     0x00000000   Number         0  dcmi.o ABSOLUTE
    ..\\Hardware\\EXTI.c                     0x00000000   Number         0  exti.o ABSOLUTE
    ..\\Hardware\\Encoder.c                  0x00000000   Number         0  encoder.o ABSOLUTE
    ..\\Hardware\\Key.c                      0x00000000   Number         0  key.o ABSOLUTE
    ..\\Hardware\\LED.c                      0x00000000   Number         0  led.o ABSOLUTE
    ..\\Hardware\\Menu.c                     0x00000000   Number         0  menu.o ABSOLUTE
    ..\\Hardware\\Motor.c                    0x00000000   Number         0  motor.o ABSOLUTE
    ..\\Hardware\\OLED.c                     0x00000000   Number         0  oled.o ABSOLUTE
    ..\\Hardware\\OV2640.c                   0x00000000   Number         0  ov2640.o ABSOLUTE
    ..\\Hardware\\PS2.c                      0x00000000   Number         0  ps2.o ABSOLUTE
    ..\\Hardware\\PWM.c                      0x00000000   Number         0  pwm.o ABSOLUTE
    ..\\Hardware\\Timer.c                    0x00000000   Number         0  timer.o ABSOLUTE
    ..\\Hardware\\eMPL\\inv_mpu.c            0x00000000   Number         0  inv_mpu.o ABSOLUTE
    ..\\Hardware\\eMPL\\inv_mpu_dmp_motion_driver.c 0x00000000   Number         0  inv_mpu_dmp_motion_driver.o ABSOLUTE
    ..\\Hardware\\lcd.c                      0x00000000   Number         0  lcd.o ABSOLUTE
    ..\\Hardware\\mpu6050.c                  0x00000000   Number         0  mpu6050.o ABSOLUTE
    ..\\Hardware\\mpuiic.c                   0x00000000   Number         0  mpuiic.o ABSOLUTE
    ..\\Libraries\\CMSIS\\Device\\ST\\STM32F4xx\\Source\\Templates\\system_stm32f4xx.c 0x00000000   Number         0  system_stm32f4xx.o ABSOLUTE
    ..\\Libraries\\STM32F4xx_StdPeriph_Driver\\src\\misc.c 0x00000000   Number         0  misc.o ABSOLUTE
    ..\\Libraries\\STM32F4xx_StdPeriph_Driver\\src\\stm32f4xx_adc.c 0x00000000   Number         0  stm32f4xx_adc.o ABSOLUTE
    ..\\Libraries\\STM32F4xx_StdPeriph_Driver\\src\\stm32f4xx_can.c 0x00000000   Number         0  stm32f4xx_can.o ABSOLUTE
    ..\\Libraries\\STM32F4xx_StdPeriph_Driver\\src\\stm32f4xx_cec.c 0x00000000   Number         0  stm32f4xx_cec.o ABSOLUTE
    ..\\Libraries\\STM32F4xx_StdPeriph_Driver\\src\\stm32f4xx_crc.c 0x00000000   Number         0  stm32f4xx_crc.o ABSOLUTE
    ..\\Libraries\\STM32F4xx_StdPeriph_Driver\\src\\stm32f4xx_cryp.c 0x00000000   Number         0  stm32f4xx_cryp.o ABSOLUTE
    ..\\Libraries\\STM32F4xx_StdPeriph_Driver\\src\\stm32f4xx_cryp_aes.c 0x00000000   Number         0  stm32f4xx_cryp_aes.o ABSOLUTE
    ..\\Libraries\\STM32F4xx_StdPeriph_Driver\\src\\stm32f4xx_cryp_des.c 0x00000000   Number         0  stm32f4xx_cryp_des.o ABSOLUTE
    ..\\Libraries\\STM32F4xx_StdPeriph_Driver\\src\\stm32f4xx_cryp_tdes.c 0x00000000   Number         0  stm32f4xx_cryp_tdes.o ABSOLUTE
    ..\\Libraries\\STM32F4xx_StdPeriph_Driver\\src\\stm32f4xx_dac.c 0x00000000   Number         0  stm32f4xx_dac.o ABSOLUTE
    ..\\Libraries\\STM32F4xx_StdPeriph_Driver\\src\\stm32f4xx_dbgmcu.c 0x00000000   Number         0  stm32f4xx_dbgmcu.o ABSOLUTE
    ..\\Libraries\\STM32F4xx_StdPeriph_Driver\\src\\stm32f4xx_dcmi.c 0x00000000   Number         0  stm32f4xx_dcmi.o ABSOLUTE
    ..\\Libraries\\STM32F4xx_StdPeriph_Driver\\src\\stm32f4xx_dfsdm.c 0x00000000   Number         0  stm32f4xx_dfsdm.o ABSOLUTE
    ..\\Libraries\\STM32F4xx_StdPeriph_Driver\\src\\stm32f4xx_dma.c 0x00000000   Number         0  stm32f4xx_dma.o ABSOLUTE
    ..\\Libraries\\STM32F4xx_StdPeriph_Driver\\src\\stm32f4xx_dsi.c 0x00000000   Number         0  stm32f4xx_dsi.o ABSOLUTE
    ..\\Libraries\\STM32F4xx_StdPeriph_Driver\\src\\stm32f4xx_exti.c 0x00000000   Number         0  stm32f4xx_exti.o ABSOLUTE
    ..\\Libraries\\STM32F4xx_StdPeriph_Driver\\src\\stm32f4xx_flash.c 0x00000000   Number         0  stm32f4xx_flash.o ABSOLUTE
    ..\\Libraries\\STM32F4xx_StdPeriph_Driver\\src\\stm32f4xx_flash_ramfunc.c 0x00000000   Number         0  stm32f4xx_flash_ramfunc.o ABSOLUTE
    ..\\Libraries\\STM32F4xx_StdPeriph_Driver\\src\\stm32f4xx_fmpi2c.c 0x00000000   Number         0  stm32f4xx_fmpi2c.o ABSOLUTE
    ..\\Libraries\\STM32F4xx_StdPeriph_Driver\\src\\stm32f4xx_fsmc.c 0x00000000   Number         0  stm32f4xx_fsmc.o ABSOLUTE
    ..\\Libraries\\STM32F4xx_StdPeriph_Driver\\src\\stm32f4xx_gpio.c 0x00000000   Number         0  stm32f4xx_gpio.o ABSOLUTE
    ..\\Libraries\\STM32F4xx_StdPeriph_Driver\\src\\stm32f4xx_hash.c 0x00000000   Number         0  stm32f4xx_hash.o ABSOLUTE
    ..\\Libraries\\STM32F4xx_StdPeriph_Driver\\src\\stm32f4xx_hash_md5.c 0x00000000   Number         0  stm32f4xx_hash_md5.o ABSOLUTE
    ..\\Libraries\\STM32F4xx_StdPeriph_Driver\\src\\stm32f4xx_hash_sha1.c 0x00000000   Number         0  stm32f4xx_hash_sha1.o ABSOLUTE
    ..\\Libraries\\STM32F4xx_StdPeriph_Driver\\src\\stm32f4xx_i2c.c 0x00000000   Number         0  stm32f4xx_i2c.o ABSOLUTE
    ..\\Libraries\\STM32F4xx_StdPeriph_Driver\\src\\stm32f4xx_iwdg.c 0x00000000   Number         0  stm32f4xx_iwdg.o ABSOLUTE
    ..\\Libraries\\STM32F4xx_StdPeriph_Driver\\src\\stm32f4xx_lptim.c 0x00000000   Number         0  stm32f4xx_lptim.o ABSOLUTE
    ..\\Libraries\\STM32F4xx_StdPeriph_Driver\\src\\stm32f4xx_pwr.c 0x00000000   Number         0  stm32f4xx_pwr.o ABSOLUTE
    ..\\Libraries\\STM32F4xx_StdPeriph_Driver\\src\\stm32f4xx_qspi.c 0x00000000   Number         0  stm32f4xx_qspi.o ABSOLUTE
    ..\\Libraries\\STM32F4xx_StdPeriph_Driver\\src\\stm32f4xx_rcc.c 0x00000000   Number         0  stm32f4xx_rcc.o ABSOLUTE
    ..\\Libraries\\STM32F4xx_StdPeriph_Driver\\src\\stm32f4xx_rng.c 0x00000000   Number         0  stm32f4xx_rng.o ABSOLUTE
    ..\\Libraries\\STM32F4xx_StdPeriph_Driver\\src\\stm32f4xx_rtc.c 0x00000000   Number         0  stm32f4xx_rtc.o ABSOLUTE
    ..\\Libraries\\STM32F4xx_StdPeriph_Driver\\src\\stm32f4xx_sai.c 0x00000000   Number         0  stm32f4xx_sai.o ABSOLUTE
    ..\\Libraries\\STM32F4xx_StdPeriph_Driver\\src\\stm32f4xx_sdio.c 0x00000000   Number         0  stm32f4xx_sdio.o ABSOLUTE
    ..\\Libraries\\STM32F4xx_StdPeriph_Driver\\src\\stm32f4xx_spdifrx.c 0x00000000   Number         0  stm32f4xx_spdifrx.o ABSOLUTE
    ..\\Libraries\\STM32F4xx_StdPeriph_Driver\\src\\stm32f4xx_spi.c 0x00000000   Number         0  stm32f4xx_spi.o ABSOLUTE
    ..\\Libraries\\STM32F4xx_StdPeriph_Driver\\src\\stm32f4xx_syscfg.c 0x00000000   Number         0  stm32f4xx_syscfg.o ABSOLUTE
    ..\\Libraries\\STM32F4xx_StdPeriph_Driver\\src\\stm32f4xx_tim.c 0x00000000   Number         0  stm32f4xx_tim.o ABSOLUTE
    ..\\Libraries\\STM32F4xx_StdPeriph_Driver\\src\\stm32f4xx_usart.c 0x00000000   Number         0  stm32f4xx_usart.o ABSOLUTE
    ..\\Libraries\\STM32F4xx_StdPeriph_Driver\\src\\stm32f4xx_wwdg.c 0x00000000   Number         0  stm32f4xx_wwdg.o ABSOLUTE
    ..\\System\\Delay.c                      0x00000000   Number         0  delay.o ABSOLUTE
    ..\\System\\SCCB.c                       0x00000000   Number         0  sccb.o ABSOLUTE
    ..\\System\\USART.c                      0x00000000   Number         0  usart.o ABSOLUTE
    ..\\System\\sys.c                        0x00000000   Number         0  sys.o ABSOLUTE
    ..\\User\\main.c                         0x00000000   Number         0  main.o ABSOLUTE
    ..\\User\\stm32f4xx_it.c                 0x00000000   Number         0  stm32f4xx_it.o ABSOLUTE
    cdcmple.s                                0x00000000   Number         0  cdcmple.o ABSOLUTE
    cdrcmple.s                               0x00000000   Number         0  cdrcmple.o ABSOLUTE
    dc.s                                     0x00000000   Number         0  dc.o ABSOLUTE
    handlers.s                               0x00000000   Number         0  handlers.o ABSOLUTE
    init.s                                   0x00000000   Number         0  init.o ABSOLUTE
    RESET                                    0x08000000   Section      392  startup_stm32f40xx.o(RESET)
    .ARM.Collect$$$$00000000                 0x08000188   Section        0  entry.o(.ARM.Collect$$$$00000000)
    .ARM.Collect$$$$00000001                 0x08000188   Section        4  entry2.o(.ARM.Collect$$$$00000001)
    .ARM.Collect$$$$00000004                 0x0800018c   Section        4  entry5.o(.ARM.Collect$$$$00000004)
    .ARM.Collect$$$$00000008                 0x08000190   Section        0  entry7b.o(.ARM.Collect$$$$00000008)
    .ARM.Collect$$$$0000000A                 0x08000190   Section        0  entry8b.o(.ARM.Collect$$$$0000000A)
    .ARM.Collect$$$$0000000B                 0x08000190   Section        8  entry9a.o(.ARM.Collect$$$$0000000B)
    .ARM.Collect$$$$0000000E                 0x08000198   Section        4  entry12b.o(.ARM.Collect$$$$0000000E)
    .ARM.Collect$$$$0000000F                 0x0800019c   Section        0  entry10a.o(.ARM.Collect$$$$0000000F)
    .ARM.Collect$$$$00000011                 0x0800019c   Section        0  entry11a.o(.ARM.Collect$$$$00000011)
    .ARM.Collect$$$$00002712                 0x0800019c   Section        4  entry2.o(.ARM.Collect$$$$00002712)
    __lit__00000000                          0x0800019c   Data           4  entry2.o(.ARM.Collect$$$$00002712)
    .text                                    0x080001a0   Section       36  startup_stm32f40xx.o(.text)
    $v0                                      0x080001a0   Number         0  startup_stm32f40xx.o(.text)
    .text                                    0x080001c4   Section       36  init.o(.text)
    i.BusFault_Handler                       0x080001e8   Section        0  stm32f4xx_it.o(i.BusFault_Handler)
    i.DCMI_ClearITPendingBit                 0x080001ec   Section        0  stm32f4xx_dcmi.o(i.DCMI_ClearITPendingBit)
    i.DCMI_GetITStatus                       0x080001f8   Section        0  stm32f4xx_dcmi.o(i.DCMI_GetITStatus)
    i.DCMI_IRQHandler                        0x0800020c   Section        0  dcmi.o(i.DCMI_IRQHandler)
    i.DebugMon_Handler                       0x08000260   Section        0  stm32f4xx_it.o(i.DebugMon_Handler)
    i.Delay_ms                               0x08000262   Section        0  delay.o(i.Delay_ms)
    i.Delay_us                               0x08000278   Section        0  delay.o(i.Delay_us)
    i.Encoder_Init_TIM2                      0x08000298   Section        0  encoder.o(i.Encoder_Init_TIM2)
    i.Encoder_Init_TIM3                      0x08000344   Section        0  encoder.o(i.Encoder_Init_TIM3)
    i.GPIO_Init                              0x080003f0   Section        0  stm32f4xx_gpio.o(i.GPIO_Init)
    i.GPIO_PinAFConfig                       0x08000492   Section        0  stm32f4xx_gpio.o(i.GPIO_PinAFConfig)
    i.GPIO_ReadOutputDataBit                 0x080004b2   Section        0  stm32f4xx_gpio.o(i.GPIO_ReadOutputDataBit)
    i.GPIO_ResetBits                         0x080004c0   Section        0  stm32f4xx_gpio.o(i.GPIO_ResetBits)
    i.GPIO_SetBits                           0x080004c6   Section        0  stm32f4xx_gpio.o(i.GPIO_SetBits)
    i.Get_RC                                 0x080004cc   Section        0  ps2.o(i.Get_RC)
    i.HardFault_Handler                      0x08000588   Section        0  stm32f4xx_it.o(i.HardFault_Handler)
    i.KEY_Init                               0x0800058c   Section        0  key.o(i.KEY_Init)
    i.LCD_Fast_DrawPoint                     0x080005d4   Section        0  lcd.o(i.LCD_Fast_DrawPoint)
    i.LCD_Pow                                0x080006a4   Section        0  lcd.o(i.LCD_Pow)
    i.LCD_ShowChar                           0x080006b4   Section        0  lcd.o(i.LCD_ShowChar)
    i.LCD_ShowNum                            0x08000788   Section        0  lcd.o(i.LCD_ShowNum)
    i.LCD_WR_DATA                            0x080007fe   Section        0  lcd.o(i.LCD_WR_DATA)
    i.LCD_WR_REG                             0x08000816   Section        0  lcd.o(i.LCD_WR_REG)
    i.LED_Init                               0x08000830   Section        0  led.o(i.LED_Init)
    i.LED_Turn                               0x08000868   Section        0  led.o(i.LED_Turn)
    i.MemManage_Handler                      0x08000894   Section        0  stm32f4xx_it.o(i.MemManage_Handler)
    i.Moto_PWM_Init                          0x08000898   Section        0  pwm.o(i.Moto_PWM_Init)
    i.Motor_Init                             0x08000960   Section        0  motor.o(i.Motor_Init)
    i.NMI_Handler                            0x08000998   Section        0  stm32f4xx_it.o(i.NMI_Handler)
    i.NVIC_PriorityGroupConfig               0x0800099c   Section        0  misc.o(i.NVIC_PriorityGroupConfig)
    i.OLED_Clear                             0x080009b0   Section        0  oled.o(i.OLED_Clear)
    i.OLED_IIC_Start                         0x080009ec   Section        0  oled.o(i.OLED_IIC_Start)
    i.OLED_IIC_Stop                          0x08000a18   Section        0  oled.o(i.OLED_IIC_Stop)
    i.OLED_IIC_Wait_Ack                      0x08000a3c   Section        0  oled.o(i.OLED_IIC_Wait_Ack)
    i.OLED_Init                              0x08000a58   Section        0  oled.o(i.OLED_Init)
    i.OLED_Set_Pos                           0x08000b74   Section        0  oled.o(i.OLED_Set_Pos)
    i.OLED_ShowChar                          0x08000ba0   Section        0  oled.o(i.OLED_ShowChar)
    i.OLED_ShowNumber                        0x08000c28   Section        0  oled.o(i.OLED_ShowNumber)
    i.OLED_WR_Byte                           0x08000c92   Section        0  oled.o(i.OLED_WR_Byte)
    i.OLED_Write_IIC_Byte                    0x08000ca0   Section        0  oled.o(i.OLED_Write_IIC_Byte)
    i.OLED_Write_IIC_Command                 0x08000cec   Section        0  oled.o(i.OLED_Write_IIC_Command)
    i.OLED_Write_IIC_Data                    0x08000d1a   Section        0  oled.o(i.OLED_Write_IIC_Data)
    i.PS2_ClearData                          0x08000d48   Section        0  ps2.o(i.PS2_ClearData)
    i.PS2_Cmd                                0x08000d60   Section        0  ps2.o(i.PS2_Cmd)
    i.PS2_DataKey                            0x08000de8   Section        0  ps2.o(i.PS2_DataKey)
    i.PS2_EnterConfing                       0x08000e28   Section        0  ps2.o(i.PS2_EnterConfing)
    i.PS2_ExitConfing                        0x08000e84   Section        0  ps2.o(i.PS2_ExitConfing)
    i.PS2_Init                               0x08000ee0   Section        0  ps2.o(i.PS2_Init)
    i.PS2_ReadData                           0x08000f38   Section        0  ps2.o(i.PS2_ReadData)
    i.PS2_Receive                            0x08000fe8   Section        0  ps2.o(i.PS2_Receive)
    i.PS2_SetInit                            0x08001028   Section        0  ps2.o(i.PS2_SetInit)
    i.PS2_ShortPoll                          0x08001048   Section        0  ps2.o(i.PS2_ShortPoll)
    i.PS2_TurnOnAnalogMode                   0x0800108c   Section        0  ps2.o(i.PS2_TurnOnAnalogMode)
    i.PWM_SetCompare1                        0x080010e4   Section        0  pwm.o(i.PWM_SetCompare1)
    i.PWM_SetCompare2                        0x080010f0   Section        0  pwm.o(i.PWM_SetCompare2)
    i.PendSV_Handler                         0x080010fc   Section        0  stm32f4xx_it.o(i.PendSV_Handler)
    i.RCC_AHB1PeriphClockCmd                 0x08001100   Section        0  stm32f4xx_rcc.o(i.RCC_AHB1PeriphClockCmd)
    i.RCC_APB1PeriphClockCmd                 0x08001118   Section        0  stm32f4xx_rcc.o(i.RCC_APB1PeriphClockCmd)
    i.RCC_APB2PeriphClockCmd                 0x08001130   Section        0  stm32f4xx_rcc.o(i.RCC_APB2PeriphClockCmd)
    i.SVC_Handler                            0x08001148   Section        0  stm32f4xx_it.o(i.SVC_Handler)
    i.Servo_PWM_Init                         0x0800114c   Section        0  pwm.o(i.Servo_PWM_Init)
    i.SetSysClock                            0x08001208   Section        0  system_stm32f4xx.o(i.SetSysClock)
    SetSysClock                              0x08001209   Thumb Code   162  system_stm32f4xx.o(i.SetSysClock)
    i.Set_Pwm                                0x080012bc   Section        0  motor.o(i.Set_Pwm)
    i.Set_Servo_Position                     0x0800132c   Section        0  pwm.o(i.Set_Servo_Position)
    i.SystemInit                             0x08001360   Section        0  system_stm32f4xx.o(i.SystemInit)
    i.TI1_Config                             0x080013bc   Section        0  stm32f4xx_tim.o(i.TI1_Config)
    TI1_Config                               0x080013bd   Thumb Code    46  stm32f4xx_tim.o(i.TI1_Config)
    i.TI2_Config                             0x080013ea   Section        0  stm32f4xx_tim.o(i.TI2_Config)
    TI2_Config                               0x080013eb   Thumb Code    54  stm32f4xx_tim.o(i.TI2_Config)
    i.TIM2_IRQHandler                        0x08001420   Section        0  encoder.o(i.TIM2_IRQHandler)
    i.TIM3_IRQHandler                        0x08001440   Section        0  encoder.o(i.TIM3_IRQHandler)
    i.TIM_ARRPreloadConfig                   0x08001464   Section        0  stm32f4xx_tim.o(i.TIM_ARRPreloadConfig)
    i.TIM_ClearFlag                          0x08001478   Section        0  stm32f4xx_tim.o(i.TIM_ClearFlag)
    i.TIM_ClearITPendingBit                  0x0800147e   Section        0  stm32f4xx_tim.o(i.TIM_ClearITPendingBit)
    i.TIM_Cmd                                0x08001484   Section        0  stm32f4xx_tim.o(i.TIM_Cmd)
    i.TIM_CtrlPWMOutputs                     0x08001498   Section        0  stm32f4xx_tim.o(i.TIM_CtrlPWMOutputs)
    i.TIM_EncoderInterfaceConfig             0x080014ae   Section        0  stm32f4xx_tim.o(i.TIM_EncoderInterfaceConfig)
    i.TIM_GetITStatus                        0x080014e0   Section        0  stm32f4xx_tim.o(i.TIM_GetITStatus)
    i.TIM_ICInit                             0x080014f8   Section        0  stm32f4xx_tim.o(i.TIM_ICInit)
    i.TIM_ICStructInit                       0x080015a4   Section        0  stm32f4xx_tim.o(i.TIM_ICStructInit)
    i.TIM_ITConfig                           0x080015b4   Section        0  stm32f4xx_tim.o(i.TIM_ITConfig)
    i.TIM_OC1Init                            0x080015c4   Section        0  stm32f4xx_tim.o(i.TIM_OC1Init)
    i.TIM_OC1PreloadConfig                   0x08001624   Section        0  stm32f4xx_tim.o(i.TIM_OC1PreloadConfig)
    i.TIM_OC2Init                            0x08001630   Section        0  stm32f4xx_tim.o(i.TIM_OC2Init)
    i.TIM_OC2PreloadConfig                   0x080016b0   Section        0  stm32f4xx_tim.o(i.TIM_OC2PreloadConfig)
    i.TIM_OCStructInit                       0x080016c4   Section        0  stm32f4xx_tim.o(i.TIM_OCStructInit)
    i.TIM_SelectOCxM                         0x080016d8   Section        0  stm32f4xx_tim.o(i.TIM_SelectOCxM)
    i.TIM_SetCompare1                        0x08001722   Section        0  stm32f4xx_tim.o(i.TIM_SetCompare1)
    i.TIM_SetCompare2                        0x08001726   Section        0  stm32f4xx_tim.o(i.TIM_SetCompare2)
    i.TIM_SetCounter                         0x0800172a   Section        0  stm32f4xx_tim.o(i.TIM_SetCounter)
    i.TIM_SetIC1Prescaler                    0x0800172e   Section        0  stm32f4xx_tim.o(i.TIM_SetIC1Prescaler)
    i.TIM_SetIC2Prescaler                    0x0800173e   Section        0  stm32f4xx_tim.o(i.TIM_SetIC2Prescaler)
    i.TIM_SetIC3Prescaler                    0x08001756   Section        0  stm32f4xx_tim.o(i.TIM_SetIC3Prescaler)
    i.TIM_SetIC4Prescaler                    0x08001766   Section        0  stm32f4xx_tim.o(i.TIM_SetIC4Prescaler)
    i.TIM_TimeBaseInit                       0x08001780   Section        0  stm32f4xx_tim.o(i.TIM_TimeBaseInit)
    i.TIM_TimeBaseStructInit                 0x080017fc   Section        0  stm32f4xx_tim.o(i.TIM_TimeBaseStructInit)
    i.USART1_IRQHandler                      0x08001810   Section        0  usart.o(i.USART1_IRQHandler)
    i.USART2_IRQHandler                      0x08001874   Section        0  bluetooth.o(i.USART2_IRQHandler)
    i.USART_GetFlagStatus                    0x08001894   Section        0  stm32f4xx_usart.o(i.USART_GetFlagStatus)
    i.USART_GetITStatus                      0x080018a2   Section        0  stm32f4xx_usart.o(i.USART_GetITStatus)
    i.USART_ReceiveData                      0x080018e0   Section        0  stm32f4xx_usart.o(i.USART_ReceiveData)
    i.UsageFault_Handler                     0x080018e8   Section        0  stm32f4xx_it.o(i.UsageFault_Handler)
    i.__scatterload_copy                     0x080018ea   Section       14  handlers.o(i.__scatterload_copy)
    i.__scatterload_null                     0x080018f8   Section        2  handlers.o(i.__scatterload_null)
    i.__scatterload_zeroinit                 0x080018fa   Section       14  handlers.o(i.__scatterload_zeroinit)
    i.main                                   0x08001908   Section        0  main.o(i.main)
    i.myabs                                  0x0800196c   Section        0  motor.o(i.myabs)
    i.oled_pow                               0x08001974   Section        0  oled.o(i.oled_pow)
    .constdata                               0x08001984   Section     2072  oled.o(.constdata)
    .constdata                               0x0800219c   Section     6080  lcd.o(.constdata)
    .data                                    0x20000000   Section        4  main.o(.data)
    .data                                    0x20000004   Section        4  main.o(.data)
    .data                                    0x20000008   Section        4  main.o(.data)
    .data                                    0x2000000c   Section        4  main.o(.data)
    .data                                    0x20000010   Section        4  main.o(.data)
    .data                                    0x20000014   Section        4  lcd.o(.data)
    .data                                    0x20000018   Section       36  ps2.o(.data)
    .data                                    0x2000003c   Section        2  usart.o(.data)
    .data                                    0x20000040   Section        8  dcmi.o(.data)
    .data                                    0x20000048   Section       20  system_stm32f4xx.o(.data)
    .bss                                     0x2000005c   Section       14  lcd.o(.bss)
    .bss                                     0x2000006a   Section        9  ps2.o(.bss)
    .bss                                     0x20000073   Section      200  usart.o(.bss)
    STACK                                    0x20000140   Section     1024  startup_stm32f40xx.o(STACK)

    Global Symbols

    Symbol Name                              Value     Ov Type        Size  Object(Section)

    BuildAttributes$$THM_ISAv4$E$P$D$K$B$S$7EM$VFPi3$EXTD16$VFPS$VFMA$PE$A:L22UL41UL21$X:L11$S22US41US21$IEEE1$IW$USESV6$~STKCKD$USESV7$~SHL$OTIME$ROPI$IEEEX$EBA8$MICROLIB$REQ8$PRES8$EABIv2 0x00000000   Number         0  anon$$obj.o ABSOLUTE
    __ARM_use_no_argv                        0x00000000   Number         0  main.o ABSOLUTE
    __use_no_errno                           0x00000000   Number         0  useno.o ABSOLUTE
    __use_no_exception_handling              0x00000000   Number         0  useno.o ABSOLUTE
    __use_no_fp                              0x00000000   Number         0  useno.o ABSOLUTE
    __use_no_heap                            0x00000000   Number         0  useno.o ABSOLUTE
    __use_no_heap_region                     0x00000000   Number         0  useno.o ABSOLUTE
    __use_no_semihosting                     0x00000000   Number         0  useno.o ABSOLUTE
    __use_no_semihosting_swi                 0x00000000   Number         0  useno.o ABSOLUTE
    __use_no_signal_handling                 0x00000000   Number         0  useno.o ABSOLUTE
    _printf_a                                0x00000000   Number         0  stubs.o ABSOLUTE
    _printf_c                                0x00000000   Number         0  stubs.o ABSOLUTE
    _printf_charcount                        0x00000000   Number         0  stubs.o ABSOLUTE
    _printf_d                                0x00000000   Number         0  stubs.o ABSOLUTE
    _printf_e                                0x00000000   Number         0  stubs.o ABSOLUTE
    _printf_f                                0x00000000   Number         0  stubs.o ABSOLUTE
    _printf_flags                            0x00000000   Number         0  stubs.o ABSOLUTE
    _printf_fp_dec                           0x00000000   Number         0  stubs.o ABSOLUTE
    _printf_fp_hex                           0x00000000   Number         0  stubs.o ABSOLUTE
    _printf_g                                0x00000000   Number         0  stubs.o ABSOLUTE
    _printf_i                                0x00000000   Number         0  stubs.o ABSOLUTE
    _printf_int_dec                          0x00000000   Number         0  stubs.o ABSOLUTE
    _printf_l                                0x00000000   Number         0  stubs.o ABSOLUTE
    _printf_lc                               0x00000000   Number         0  stubs.o ABSOLUTE
    _printf_ll                               0x00000000   Number         0  stubs.o ABSOLUTE
    _printf_lld                              0x00000000   Number         0  stubs.o ABSOLUTE
    _printf_lli                              0x00000000   Number         0  stubs.o ABSOLUTE
    _printf_llo                              0x00000000   Number         0  stubs.o ABSOLUTE
    _printf_llu                              0x00000000   Number         0  stubs.o ABSOLUTE
    _printf_llx                              0x00000000   Number         0  stubs.o ABSOLUTE
    _printf_longlong_dec                     0x00000000   Number         0  stubs.o ABSOLUTE
    _printf_longlong_hex                     0x00000000   Number         0  stubs.o ABSOLUTE
    _printf_longlong_oct                     0x00000000   Number         0  stubs.o ABSOLUTE
    _printf_ls                               0x00000000   Number         0  stubs.o ABSOLUTE
    _printf_mbtowc                           0x00000000   Number         0  stubs.o ABSOLUTE
    _printf_n                                0x00000000   Number         0  stubs.o ABSOLUTE
    _printf_o                                0x00000000   Number         0  stubs.o ABSOLUTE
    _printf_p                                0x00000000   Number         0  stubs.o ABSOLUTE
    _printf_percent                          0x00000000   Number         0  stubs.o ABSOLUTE
    _printf_pre_padding                      0x00000000   Number         0  stubs.o ABSOLUTE
    _printf_return_value                     0x00000000   Number         0  stubs.o ABSOLUTE
    _printf_s                                0x00000000   Number         0  stubs.o ABSOLUTE
    _printf_sizespec                         0x00000000   Number         0  stubs.o ABSOLUTE
    _printf_str                              0x00000000   Number         0  stubs.o ABSOLUTE
    _printf_truncate_signed                  0x00000000   Number         0  stubs.o ABSOLUTE
    _printf_truncate_unsigned                0x00000000   Number         0  stubs.o ABSOLUTE
    _printf_u                                0x00000000   Number         0  stubs.o ABSOLUTE
    _printf_wc                               0x00000000   Number         0  stubs.o ABSOLUTE
    _printf_wctomb                           0x00000000   Number         0  stubs.o ABSOLUTE
    _printf_widthprec                        0x00000000   Number         0  stubs.o ABSOLUTE
    _printf_x                                0x00000000   Number         0  stubs.o ABSOLUTE
    __arm_fini_                               - Undefined Weak Reference
    __cpp_initialize__aeabi_                  - Undefined Weak Reference
    __cxa_finalize                            - Undefined Weak Reference
    __decompress                              - Undefined Weak Reference
    _clock_init                               - Undefined Weak Reference
    _microlib_exit                            - Undefined Weak Reference
    __Vectors_Size                           0x00000188   Number         0  startup_stm32f40xx.o ABSOLUTE
    __Vectors                                0x08000000   Data           4  startup_stm32f40xx.o(RESET)
    __Vectors_End                            0x08000188   Data           0  startup_stm32f40xx.o(RESET)
    __main                                   0x08000189   Thumb Code     0  entry.o(.ARM.Collect$$$$00000000)
    _main_stk                                0x08000189   Thumb Code     0  entry2.o(.ARM.Collect$$$$00000001)
    _main_scatterload                        0x0800018d   Thumb Code     0  entry5.o(.ARM.Collect$$$$00000004)
    __main_after_scatterload                 0x08000191   Thumb Code     0  entry5.o(.ARM.Collect$$$$00000004)
    _main_clock                              0x08000191   Thumb Code     0  entry7b.o(.ARM.Collect$$$$00000008)
    _main_cpp_init                           0x08000191   Thumb Code     0  entry8b.o(.ARM.Collect$$$$0000000A)
    _main_init                               0x08000191   Thumb Code     0  entry9a.o(.ARM.Collect$$$$0000000B)
    __rt_lib_shutdown_fini                   0x08000199   Thumb Code     0  entry12b.o(.ARM.Collect$$$$0000000E)
    __rt_final_cpp                           0x0800019d   Thumb Code     0  entry10a.o(.ARM.Collect$$$$0000000F)
    __rt_final_exit                          0x0800019d   Thumb Code     0  entry11a.o(.ARM.Collect$$$$00000011)
    Reset_Handler                            0x080001a1   Thumb Code     8  startup_stm32f40xx.o(.text)
    SysTick_Handler                          0x080001b9   Thumb Code     2  startup_stm32f40xx.o(.text)
    ADC_IRQHandler                           0x080001bb   Thumb Code     0  startup_stm32f40xx.o(.text)
    CAN1_RX0_IRQHandler                      0x080001bb   Thumb Code     0  startup_stm32f40xx.o(.text)
    CAN1_RX1_IRQHandler                      0x080001bb   Thumb Code     0  startup_stm32f40xx.o(.text)
    CAN1_SCE_IRQHandler                      0x080001bb   Thumb Code     0  startup_stm32f40xx.o(.text)
    CAN1_TX_IRQHandler                       0x080001bb   Thumb Code     0  startup_stm32f40xx.o(.text)
    CAN2_RX0_IRQHandler                      0x080001bb   Thumb Code     0  startup_stm32f40xx.o(.text)
    CAN2_RX1_IRQHandler                      0x080001bb   Thumb Code     0  startup_stm32f40xx.o(.text)
    CAN2_SCE_IRQHandler                      0x080001bb   Thumb Code     0  startup_stm32f40xx.o(.text)
    CAN2_TX_IRQHandler                       0x080001bb   Thumb Code     0  startup_stm32f40xx.o(.text)
    CRYP_IRQHandler                          0x080001bb   Thumb Code     0  startup_stm32f40xx.o(.text)
    DMA1_Stream0_IRQHandler                  0x080001bb   Thumb Code     0  startup_stm32f40xx.o(.text)
    DMA1_Stream1_IRQHandler                  0x080001bb   Thumb Code     0  startup_stm32f40xx.o(.text)
    DMA1_Stream2_IRQHandler                  0x080001bb   Thumb Code     0  startup_stm32f40xx.o(.text)
    DMA1_Stream3_IRQHandler                  0x080001bb   Thumb Code     0  startup_stm32f40xx.o(.text)
    DMA1_Stream4_IRQHandler                  0x080001bb   Thumb Code     0  startup_stm32f40xx.o(.text)
    DMA1_Stream5_IRQHandler                  0x080001bb   Thumb Code     0  startup_stm32f40xx.o(.text)
    DMA1_Stream6_IRQHandler                  0x080001bb   Thumb Code     0  startup_stm32f40xx.o(.text)
    DMA1_Stream7_IRQHandler                  0x080001bb   Thumb Code     0  startup_stm32f40xx.o(.text)
    DMA2_Stream0_IRQHandler                  0x080001bb   Thumb Code     0  startup_stm32f40xx.o(.text)
    DMA2_Stream1_IRQHandler                  0x080001bb   Thumb Code     0  startup_stm32f40xx.o(.text)
    DMA2_Stream2_IRQHandler                  0x080001bb   Thumb Code     0  startup_stm32f40xx.o(.text)
    DMA2_Stream3_IRQHandler                  0x080001bb   Thumb Code     0  startup_stm32f40xx.o(.text)
    DMA2_Stream4_IRQHandler                  0x080001bb   Thumb Code     0  startup_stm32f40xx.o(.text)
    DMA2_Stream5_IRQHandler                  0x080001bb   Thumb Code     0  startup_stm32f40xx.o(.text)
    DMA2_Stream6_IRQHandler                  0x080001bb   Thumb Code     0  startup_stm32f40xx.o(.text)
    DMA2_Stream7_IRQHandler                  0x080001bb   Thumb Code     0  startup_stm32f40xx.o(.text)
    ETH_IRQHandler                           0x080001bb   Thumb Code     0  startup_stm32f40xx.o(.text)
    ETH_WKUP_IRQHandler                      0x080001bb   Thumb Code     0  startup_stm32f40xx.o(.text)
    EXTI0_IRQHandler                         0x080001bb   Thumb Code     0  startup_stm32f40xx.o(.text)
    EXTI15_10_IRQHandler                     0x080001bb   Thumb Code     0  startup_stm32f40xx.o(.text)
    EXTI1_IRQHandler                         0x080001bb   Thumb Code     0  startup_stm32f40xx.o(.text)
    EXTI2_IRQHandler                         0x080001bb   Thumb Code     0  startup_stm32f40xx.o(.text)
    EXTI3_IRQHandler                         0x080001bb   Thumb Code     0  startup_stm32f40xx.o(.text)
    EXTI4_IRQHandler                         0x080001bb   Thumb Code     0  startup_stm32f40xx.o(.text)
    EXTI9_5_IRQHandler                       0x080001bb   Thumb Code     0  startup_stm32f40xx.o(.text)
    FLASH_IRQHandler                         0x080001bb   Thumb Code     0  startup_stm32f40xx.o(.text)
    FPU_IRQHandler                           0x080001bb   Thumb Code     0  startup_stm32f40xx.o(.text)
    FSMC_IRQHandler                          0x080001bb   Thumb Code     0  startup_stm32f40xx.o(.text)
    HASH_RNG_IRQHandler                      0x080001bb   Thumb Code     0  startup_stm32f40xx.o(.text)
    I2C1_ER_IRQHandler                       0x080001bb   Thumb Code     0  startup_stm32f40xx.o(.text)
    I2C1_EV_IRQHandler                       0x080001bb   Thumb Code     0  startup_stm32f40xx.o(.text)
    I2C2_ER_IRQHandler                       0x080001bb   Thumb Code     0  startup_stm32f40xx.o(.text)
    I2C2_EV_IRQHandler                       0x080001bb   Thumb Code     0  startup_stm32f40xx.o(.text)
    I2C3_ER_IRQHandler                       0x080001bb   Thumb Code     0  startup_stm32f40xx.o(.text)
    I2C3_EV_IRQHandler                       0x080001bb   Thumb Code     0  startup_stm32f40xx.o(.text)
    OTG_FS_IRQHandler                        0x080001bb   Thumb Code     0  startup_stm32f40xx.o(.text)
    OTG_FS_WKUP_IRQHandler                   0x080001bb   Thumb Code     0  startup_stm32f40xx.o(.text)
    OTG_HS_EP1_IN_IRQHandler                 0x080001bb   Thumb Code     0  startup_stm32f40xx.o(.text)
    OTG_HS_EP1_OUT_IRQHandler                0x080001bb   Thumb Code     0  startup_stm32f40xx.o(.text)
    OTG_HS_IRQHandler                        0x080001bb   Thumb Code     0  startup_stm32f40xx.o(.text)
    OTG_HS_WKUP_IRQHandler                   0x080001bb   Thumb Code     0  startup_stm32f40xx.o(.text)
    PVD_IRQHandler                           0x080001bb   Thumb Code     0  startup_stm32f40xx.o(.text)
    RCC_IRQHandler                           0x080001bb   Thumb Code     0  startup_stm32f40xx.o(.text)
    RTC_Alarm_IRQHandler                     0x080001bb   Thumb Code     0  startup_stm32f40xx.o(.text)
    RTC_WKUP_IRQHandler                      0x080001bb   Thumb Code     0  startup_stm32f40xx.o(.text)
    SDIO_IRQHandler                          0x080001bb   Thumb Code     0  startup_stm32f40xx.o(.text)
    SPI1_IRQHandler                          0x080001bb   Thumb Code     0  startup_stm32f40xx.o(.text)
    SPI2_IRQHandler                          0x080001bb   Thumb Code     0  startup_stm32f40xx.o(.text)
    SPI3_IRQHandler                          0x080001bb   Thumb Code     0  startup_stm32f40xx.o(.text)
    TAMP_STAMP_IRQHandler                    0x080001bb   Thumb Code     0  startup_stm32f40xx.o(.text)
    TIM1_BRK_TIM9_IRQHandler                 0x080001bb   Thumb Code     0  startup_stm32f40xx.o(.text)
    TIM1_CC_IRQHandler                       0x080001bb   Thumb Code     0  startup_stm32f40xx.o(.text)
    TIM1_TRG_COM_TIM11_IRQHandler            0x080001bb   Thumb Code     0  startup_stm32f40xx.o(.text)
    TIM1_UP_TIM10_IRQHandler                 0x080001bb   Thumb Code     0  startup_stm32f40xx.o(.text)
    TIM4_IRQHandler                          0x080001bb   Thumb Code     0  startup_stm32f40xx.o(.text)
    TIM5_IRQHandler                          0x080001bb   Thumb Code     0  startup_stm32f40xx.o(.text)
    TIM6_DAC_IRQHandler                      0x080001bb   Thumb Code     0  startup_stm32f40xx.o(.text)
    TIM7_IRQHandler                          0x080001bb   Thumb Code     0  startup_stm32f40xx.o(.text)
    TIM8_BRK_TIM12_IRQHandler                0x080001bb   Thumb Code     0  startup_stm32f40xx.o(.text)
    TIM8_CC_IRQHandler                       0x080001bb   Thumb Code     0  startup_stm32f40xx.o(.text)
    TIM8_TRG_COM_TIM14_IRQHandler            0x080001bb   Thumb Code     0  startup_stm32f40xx.o(.text)
    TIM8_UP_TIM13_IRQHandler                 0x080001bb   Thumb Code     0  startup_stm32f40xx.o(.text)
    UART4_IRQHandler                         0x080001bb   Thumb Code     0  startup_stm32f40xx.o(.text)
    UART5_IRQHandler                         0x080001bb   Thumb Code     0  startup_stm32f40xx.o(.text)
    USART3_IRQHandler                        0x080001bb   Thumb Code     0  startup_stm32f40xx.o(.text)
    USART6_IRQHandler                        0x080001bb   Thumb Code     0  startup_stm32f40xx.o(.text)
    WWDG_IRQHandler                          0x080001bb   Thumb Code     0  startup_stm32f40xx.o(.text)
    __scatterload                            0x080001c5   Thumb Code    28  init.o(.text)
    __scatterload_rt2                        0x080001c5   Thumb Code     0  init.o(.text)
    BusFault_Handler                         0x080001e9   Thumb Code     2  stm32f4xx_it.o(i.BusFault_Handler)
    DCMI_ClearITPendingBit                   0x080001ed   Thumb Code     6  stm32f4xx_dcmi.o(i.DCMI_ClearITPendingBit)
    DCMI_GetITStatus                         0x080001f9   Thumb Code    16  stm32f4xx_dcmi.o(i.DCMI_GetITStatus)
    DCMI_IRQHandler                          0x0800020d   Thumb Code    74  dcmi.o(i.DCMI_IRQHandler)
    DebugMon_Handler                         0x08000261   Thumb Code     2  stm32f4xx_it.o(i.DebugMon_Handler)
    Delay_ms                                 0x08000263   Thumb Code    22  delay.o(i.Delay_ms)
    Delay_us                                 0x08000279   Thumb Code    32  delay.o(i.Delay_us)
    Encoder_Init_TIM2                        0x08000299   Thumb Code   166  encoder.o(i.Encoder_Init_TIM2)
    Encoder_Init_TIM3                        0x08000345   Thumb Code   164  encoder.o(i.Encoder_Init_TIM3)
    GPIO_Init                                0x080003f1   Thumb Code   162  stm32f4xx_gpio.o(i.GPIO_Init)
    GPIO_PinAFConfig                         0x08000493   Thumb Code    32  stm32f4xx_gpio.o(i.GPIO_PinAFConfig)
    GPIO_ReadOutputDataBit                   0x080004b3   Thumb Code    14  stm32f4xx_gpio.o(i.GPIO_ReadOutputDataBit)
    GPIO_ResetBits                           0x080004c1   Thumb Code     6  stm32f4xx_gpio.o(i.GPIO_ResetBits)
    GPIO_SetBits                             0x080004c7   Thumb Code     4  stm32f4xx_gpio.o(i.GPIO_SetBits)
    Get_RC                                   0x080004cd   Thumb Code   166  ps2.o(i.Get_RC)
    HardFault_Handler                        0x08000589   Thumb Code     2  stm32f4xx_it.o(i.HardFault_Handler)
    KEY_Init                                 0x0800058d   Thumb Code    64  key.o(i.KEY_Init)
    LCD_Fast_DrawPoint                       0x080005d5   Thumb Code   202  lcd.o(i.LCD_Fast_DrawPoint)
    LCD_Pow                                  0x080006a5   Thumb Code    16  lcd.o(i.LCD_Pow)
    LCD_ShowChar                             0x080006b5   Thumb Code   190  lcd.o(i.LCD_ShowChar)
    LCD_ShowNum                              0x08000789   Thumb Code   118  lcd.o(i.LCD_ShowNum)
    LCD_WR_DATA                              0x080007ff   Thumb Code    24  lcd.o(i.LCD_WR_DATA)
    LCD_WR_REG                               0x08000817   Thumb Code    24  lcd.o(i.LCD_WR_REG)
    LED_Init                                 0x08000831   Thumb Code    52  led.o(i.LED_Init)
    LED_Turn                                 0x08000869   Thumb Code    38  led.o(i.LED_Turn)
    MemManage_Handler                        0x08000895   Thumb Code     2  stm32f4xx_it.o(i.MemManage_Handler)
    Moto_PWM_Init                            0x08000899   Thumb Code   190  pwm.o(i.Moto_PWM_Init)
    Motor_Init                               0x08000961   Thumb Code    52  motor.o(i.Motor_Init)
    NMI_Handler                              0x08000999   Thumb Code     2  stm32f4xx_it.o(i.NMI_Handler)
    NVIC_PriorityGroupConfig                 0x0800099d   Thumb Code    10  misc.o(i.NVIC_PriorityGroupConfig)
    OLED_Clear                               0x080009b1   Thumb Code    58  oled.o(i.OLED_Clear)
    OLED_IIC_Start                           0x080009ed   Thumb Code    40  oled.o(i.OLED_IIC_Start)
    OLED_IIC_Stop                            0x08000a19   Thumb Code    32  oled.o(i.OLED_IIC_Stop)
    OLED_IIC_Wait_Ack                        0x08000a3d   Thumb Code    24  oled.o(i.OLED_IIC_Wait_Ack)
    OLED_Init                                0x08000a59   Thumb Code   278  oled.o(i.OLED_Init)
    OLED_Set_Pos                             0x08000b75   Thumb Code    42  oled.o(i.OLED_Set_Pos)
    OLED_ShowChar                            0x08000ba1   Thumb Code   128  oled.o(i.OLED_ShowChar)
    OLED_ShowNumber                          0x08000c29   Thumb Code   106  oled.o(i.OLED_ShowNumber)
    OLED_WR_Byte                             0x08000c93   Thumb Code    12  oled.o(i.OLED_WR_Byte)
    OLED_Write_IIC_Byte                      0x08000ca1   Thumb Code    70  oled.o(i.OLED_Write_IIC_Byte)
    OLED_Write_IIC_Command                   0x08000ced   Thumb Code    46  oled.o(i.OLED_Write_IIC_Command)
    OLED_Write_IIC_Data                      0x08000d1b   Thumb Code    46  oled.o(i.OLED_Write_IIC_Data)
    PS2_ClearData                            0x08000d49   Thumb Code    18  ps2.o(i.PS2_ClearData)
    PS2_Cmd                                  0x08000d61   Thumb Code   126  ps2.o(i.PS2_Cmd)
    PS2_DataKey                              0x08000de9   Thumb Code    56  ps2.o(i.PS2_DataKey)
    PS2_EnterConfing                         0x08000e29   Thumb Code    88  ps2.o(i.PS2_EnterConfing)
    PS2_ExitConfing                          0x08000e85   Thumb Code    88  ps2.o(i.PS2_ExitConfing)
    PS2_Init                                 0x08000ee1   Thumb Code    84  ps2.o(i.PS2_Init)
    PS2_ReadData                             0x08000f39   Thumb Code   164  ps2.o(i.PS2_ReadData)
    PS2_Receive                              0x08000fe9   Thumb Code    38  ps2.o(i.PS2_Receive)
    PS2_SetInit                              0x08001029   Thumb Code    30  ps2.o(i.PS2_SetInit)
    PS2_ShortPoll                            0x08001049   Thumb Code    64  ps2.o(i.PS2_ShortPoll)
    PS2_TurnOnAnalogMode                     0x0800108d   Thumb Code    82  ps2.o(i.PS2_TurnOnAnalogMode)
    PWM_SetCompare1                          0x080010e5   Thumb Code     8  pwm.o(i.PWM_SetCompare1)
    PWM_SetCompare2                          0x080010f1   Thumb Code     8  pwm.o(i.PWM_SetCompare2)
    PendSV_Handler                           0x080010fd   Thumb Code     2  stm32f4xx_it.o(i.PendSV_Handler)
    RCC_AHB1PeriphClockCmd                   0x08001101   Thumb Code    18  stm32f4xx_rcc.o(i.RCC_AHB1PeriphClockCmd)
    RCC_APB1PeriphClockCmd                   0x08001119   Thumb Code    18  stm32f4xx_rcc.o(i.RCC_APB1PeriphClockCmd)
    RCC_APB2PeriphClockCmd                   0x08001131   Thumb Code    18  stm32f4xx_rcc.o(i.RCC_APB2PeriphClockCmd)
    SVC_Handler                              0x08001149   Thumb Code     2  stm32f4xx_it.o(i.SVC_Handler)
    Servo_PWM_Init                           0x0800114d   Thumb Code   180  pwm.o(i.Servo_PWM_Init)
    Set_Pwm                                  0x080012bd   Thumb Code   106  motor.o(i.Set_Pwm)
    Set_Servo_Position                       0x0800132d   Thumb Code    34  pwm.o(i.Set_Servo_Position)
    SystemInit                               0x08001361   Thumb Code    74  system_stm32f4xx.o(i.SystemInit)
    TIM2_IRQHandler                          0x08001421   Thumb Code    30  encoder.o(i.TIM2_IRQHandler)
    TIM3_IRQHandler                          0x08001441   Thumb Code    30  encoder.o(i.TIM3_IRQHandler)
    TIM_ARRPreloadConfig                     0x08001465   Thumb Code    20  stm32f4xx_tim.o(i.TIM_ARRPreloadConfig)
    TIM_ClearFlag                            0x08001479   Thumb Code     6  stm32f4xx_tim.o(i.TIM_ClearFlag)
    TIM_ClearITPendingBit                    0x0800147f   Thumb Code     6  stm32f4xx_tim.o(i.TIM_ClearITPendingBit)
    TIM_Cmd                                  0x08001485   Thumb Code    20  stm32f4xx_tim.o(i.TIM_Cmd)
    TIM_CtrlPWMOutputs                       0x08001499   Thumb Code    22  stm32f4xx_tim.o(i.TIM_CtrlPWMOutputs)
    TIM_EncoderInterfaceConfig               0x080014af   Thumb Code    50  stm32f4xx_tim.o(i.TIM_EncoderInterfaceConfig)
    TIM_GetITStatus                          0x080014e1   Thumb Code    24  stm32f4xx_tim.o(i.TIM_GetITStatus)
    TIM_ICInit                               0x080014f9   Thumb Code   172  stm32f4xx_tim.o(i.TIM_ICInit)
    TIM_ICStructInit                         0x080015a5   Thumb Code    16  stm32f4xx_tim.o(i.TIM_ICStructInit)
    TIM_ITConfig                             0x080015b5   Thumb Code    16  stm32f4xx_tim.o(i.TIM_ITConfig)
    TIM_OC1Init                              0x080015c5   Thumb Code    88  stm32f4xx_tim.o(i.TIM_OC1Init)
    TIM_OC1PreloadConfig                     0x08001625   Thumb Code    12  stm32f4xx_tim.o(i.TIM_OC1PreloadConfig)
    TIM_OC2Init                              0x08001631   Thumb Code   120  stm32f4xx_tim.o(i.TIM_OC2Init)
    TIM_OC2PreloadConfig                     0x080016b1   Thumb Code    20  stm32f4xx_tim.o(i.TIM_OC2PreloadConfig)
    TIM_OCStructInit                         0x080016c5   Thumb Code    20  stm32f4xx_tim.o(i.TIM_OCStructInit)
    TIM_SelectOCxM                           0x080016d9   Thumb Code    74  stm32f4xx_tim.o(i.TIM_SelectOCxM)
    TIM_SetCompare1                          0x08001723   Thumb Code     4  stm32f4xx_tim.o(i.TIM_SetCompare1)
    TIM_SetCompare2                          0x08001727   Thumb Code     4  stm32f4xx_tim.o(i.TIM_SetCompare2)
    TIM_SetCounter                           0x0800172b   Thumb Code     4  stm32f4xx_tim.o(i.TIM_SetCounter)
    TIM_SetIC1Prescaler                      0x0800172f   Thumb Code    16  stm32f4xx_tim.o(i.TIM_SetIC1Prescaler)
    TIM_SetIC2Prescaler                      0x0800173f   Thumb Code    24  stm32f4xx_tim.o(i.TIM_SetIC2Prescaler)
    TIM_SetIC3Prescaler                      0x08001757   Thumb Code    16  stm32f4xx_tim.o(i.TIM_SetIC3Prescaler)
    TIM_SetIC4Prescaler                      0x08001767   Thumb Code    24  stm32f4xx_tim.o(i.TIM_SetIC4Prescaler)
    TIM_TimeBaseInit                         0x08001781   Thumb Code    96  stm32f4xx_tim.o(i.TIM_TimeBaseInit)
    TIM_TimeBaseStructInit                   0x080017fd   Thumb Code    18  stm32f4xx_tim.o(i.TIM_TimeBaseStructInit)
    USART1_IRQHandler                        0x08001811   Thumb Code    88  usart.o(i.USART1_IRQHandler)
    USART2_IRQHandler                        0x08001875   Thumb Code    26  bluetooth.o(i.USART2_IRQHandler)
    USART_GetFlagStatus                      0x08001895   Thumb Code    14  stm32f4xx_usart.o(i.USART_GetFlagStatus)
    USART_GetITStatus                        0x080018a3   Thumb Code    62  stm32f4xx_usart.o(i.USART_GetITStatus)
    USART_ReceiveData                        0x080018e1   Thumb Code     8  stm32f4xx_usart.o(i.USART_ReceiveData)
    UsageFault_Handler                       0x080018e9   Thumb Code     2  stm32f4xx_it.o(i.UsageFault_Handler)
    __scatterload_copy                       0x080018eb   Thumb Code    14  handlers.o(i.__scatterload_copy)
    __scatterload_null                       0x080018f9   Thumb Code     2  handlers.o(i.__scatterload_null)
    __scatterload_zeroinit                   0x080018fb   Thumb Code    14  handlers.o(i.__scatterload_zeroinit)
    main                                     0x08001909   Thumb Code    96  main.o(i.main)
    myabs                                    0x0800196d   Thumb Code     8  motor.o(i.myabs)
    oled_pow                                 0x08001975   Thumb Code    16  oled.o(i.oled_pow)
    F6x8                                     0x08001984   Data         552  oled.o(.constdata)
    F8X16                                    0x08001bac   Data        1520  oled.o(.constdata)
    asc2_1206                                0x0800219c   Data        1140  lcd.o(.constdata)
    asc2_1608                                0x08002610   Data        1520  lcd.o(.constdata)
    asc2_2412                                0x08002c00   Data        3420  lcd.o(.constdata)
    Region$$Table$$Base                      0x0800395c   Number         0  anon$$obj.o(Region$$Table)
    Region$$Table$$Limit                     0x0800397c   Number         0  anon$$obj.o(Region$$Table)
    PS2_LX                                   0x20000000   Data           4  main.o(.data)
    PS2_LY                                   0x20000004   Data           4  main.o(.data)
    PS2_RX                                   0x20000008   Data           4  main.o(.data)
    PS2_RY                                   0x2000000c   Data           4  main.o(.data)
    PS2_KEY                                  0x20000010   Data           4  main.o(.data)
    POINT_COLOR                              0x20000014   Data           2  lcd.o(.data)
    BACK_COLOR                               0x20000016   Data           2  lcd.o(.data)
    Comd                                     0x20000018   Data           2  ps2.o(.data)
    Handkey                                  0x2000001a   Data           2  ps2.o(.data)
    MASK                                     0x2000001c   Data          32  ps2.o(.data)
    USART_RX_STA                             0x2000003c   Data           2  usart.o(.data)
    ov_frame                                 0x20000040   Data           1  dcmi.o(.data)
    last_tick                                0x20000044   Data           4  dcmi.o(.data)
    SystemCoreClock                          0x20000048   Data           4  system_stm32f4xx.o(.data)
    AHBPrescTable                            0x2000004c   Data          16  system_stm32f4xx.o(.data)
    lcddev                                   0x2000005c   Data          14  lcd.o(.bss)
    Data                                     0x2000006a   Data           9  ps2.o(.bss)
    USART_RX_BUF                             0x20000073   Data         200  usart.o(.bss)
    __initial_sp                             0x20000540   Data           0  startup_stm32f40xx.o(STACK)



==============================================================================

Memory Map of the image

  Image Entry point : 0x08000189

  Load Region LR_IROM1 (Base: 0x08000000, Size: 0x000039d8, Max: 0x00100000, ABSOLUTE)

    Execution Region ER_IROM1 (Exec base: 0x08000000, Load base: 0x08000000, Size: 0x0000397c, Max: 0x00100000, ABSOLUTE)

    Exec Addr    Load Addr    Size         Type   Attr      Idx    E Section Name        Object

    0x08000000   0x08000000   0x00000188   Data   RO         7268    RESET               startup_stm32f40xx.o
    0x08000188   0x08000188   0x00000000   Code   RO         7340  * .ARM.Collect$$$$00000000  mc_w.l(entry.o)
    0x08000188   0x08000188   0x00000004   Code   RO         7683    .ARM.Collect$$$$00000001  mc_w.l(entry2.o)
    0x0800018c   0x0800018c   0x00000004   Code   RO         7686    .ARM.Collect$$$$00000004  mc_w.l(entry5.o)
    0x08000190   0x08000190   0x00000000   Code   RO         7688    .ARM.Collect$$$$00000008  mc_w.l(entry7b.o)
    0x08000190   0x08000190   0x00000000   Code   RO         7690    .ARM.Collect$$$$0000000A  mc_w.l(entry8b.o)
    0x08000190   0x08000190   0x00000008   Code   RO         7691    .ARM.Collect$$$$0000000B  mc_w.l(entry9a.o)
    0x08000198   0x08000198   0x00000004   Code   RO         7698    .ARM.Collect$$$$0000000E  mc_w.l(entry12b.o)
    0x0800019c   0x0800019c   0x00000000   Code   RO         7693    .ARM.Collect$$$$0000000F  mc_w.l(entry10a.o)
    0x0800019c   0x0800019c   0x00000000   Code   RO         7695    .ARM.Collect$$$$00000011  mc_w.l(entry11a.o)
    0x0800019c   0x0800019c   0x00000004   Code   RO         7684    .ARM.Collect$$$$00002712  mc_w.l(entry2.o)
    0x080001a0   0x080001a0   0x00000024   Code   RO         7269    .text               startup_stm32f40xx.o
    0x080001c4   0x080001c4   0x00000024   Code   RO         7725    .text               mc_w.l(init.o)
    0x080001e8   0x080001e8   0x00000002   Code   RO          253    i.BusFault_Handler  stm32f4xx_it.o
    0x080001ea   0x080001ea   0x00000002   PAD
    0x080001ec   0x080001ec   0x0000000c   Code   RO         3563    i.DCMI_ClearITPendingBit  stm32f4xx_dcmi.o
    0x080001f8   0x080001f8   0x00000014   Code   RO         3567    i.DCMI_GetITStatus  stm32f4xx_dcmi.o
    0x0800020c   0x0800020c   0x00000054   Code   RO         2534    i.DCMI_IRQHandler   dcmi.o
    0x08000260   0x08000260   0x00000002   Code   RO          254    i.DebugMon_Handler  stm32f4xx_it.o
    0x08000262   0x08000262   0x00000016   Code   RO         2342    i.Delay_ms          delay.o
    0x08000278   0x08000278   0x00000020   Code   RO         2344    i.Delay_us          delay.o
    0x08000298   0x08000298   0x000000ac   Code   RO          322    i.Encoder_Init_TIM2  encoder.o
    0x08000344   0x08000344   0x000000ac   Code   RO          323    i.Encoder_Init_TIM3  encoder.o
    0x080003f0   0x080003f0   0x000000a2   Code   RO         4220    i.GPIO_Init         stm32f4xx_gpio.o
    0x08000492   0x08000492   0x00000020   Code   RO         4221    i.GPIO_PinAFConfig  stm32f4xx_gpio.o
    0x080004b2   0x080004b2   0x0000000e   Code   RO         4226    i.GPIO_ReadOutputDataBit  stm32f4xx_gpio.o
    0x080004c0   0x080004c0   0x00000006   Code   RO         4227    i.GPIO_ResetBits    stm32f4xx_gpio.o
    0x080004c6   0x080004c6   0x00000004   Code   RO         4228    i.GPIO_SetBits      stm32f4xx_gpio.o
    0x080004ca   0x080004ca   0x00000002   PAD
    0x080004cc   0x080004cc   0x000000bc   Code   RO         2167    i.Get_RC            ps2.o
    0x08000588   0x08000588   0x00000002   Code   RO          255    i.HardFault_Handler  stm32f4xx_it.o
    0x0800058a   0x0800058a   0x00000002   PAD
    0x0800058c   0x0800058c   0x00000048   Code   RO          382    i.KEY_Init          key.o
    0x080005d4   0x080005d4   0x000000d0   Code   RO         1570    i.LCD_Fast_DrawPoint  lcd.o
    0x080006a4   0x080006a4   0x00000010   Code   RO         1573    i.LCD_Pow           lcd.o
    0x080006b4   0x080006b4   0x000000d4   Code   RO         1581    i.LCD_ShowChar      lcd.o
    0x08000788   0x08000788   0x00000076   Code   RO         1582    i.LCD_ShowNum       lcd.o
    0x080007fe   0x080007fe   0x00000018   Code   RO         1585    i.LCD_WR_DATA       lcd.o
    0x08000816   0x08000816   0x00000018   Code   RO         1586    i.LCD_WR_REG        lcd.o
    0x0800082e   0x0800082e   0x00000002   PAD
    0x08000830   0x08000830   0x00000038   Code   RO          439    i.LED_Init          led.o
    0x08000868   0x08000868   0x0000002c   Code   RO          442    i.LED_Turn          led.o
    0x08000894   0x08000894   0x00000002   Code   RO          256    i.MemManage_Handler  stm32f4xx_it.o
    0x08000896   0x08000896   0x00000002   PAD
    0x08000898   0x08000898   0x000000c8   Code   RO          773    i.Moto_PWM_Init     pwm.o
    0x08000960   0x08000960   0x00000038   Code   RO          492    i.Motor_Init        motor.o
    0x08000998   0x08000998   0x00000002   Code   RO          257    i.NMI_Handler       stm32f4xx_it.o
    0x0800099a   0x0800099a   0x00000002   PAD
    0x0800099c   0x0800099c   0x00000014   Code   RO         2616    i.NVIC_PriorityGroupConfig  misc.o
    0x080009b0   0x080009b0   0x0000003a   Code   RO          569    i.OLED_Clear        oled.o
    0x080009ea   0x080009ea   0x00000002   PAD
    0x080009ec   0x080009ec   0x0000002c   Code   RO          575    i.OLED_IIC_Start    oled.o
    0x08000a18   0x08000a18   0x00000024   Code   RO          576    i.OLED_IIC_Stop     oled.o
    0x08000a3c   0x08000a3c   0x0000001c   Code   RO          577    i.OLED_IIC_Wait_Ack  oled.o
    0x08000a58   0x08000a58   0x0000011c   Code   RO          578    i.OLED_Init         oled.o
    0x08000b74   0x08000b74   0x0000002a   Code   RO          585    i.OLED_Set_Pos      oled.o
    0x08000b9e   0x08000b9e   0x00000002   PAD
    0x08000ba0   0x08000ba0   0x00000088   Code   RO          587    i.OLED_ShowChar     oled.o
    0x08000c28   0x08000c28   0x0000006a   Code   RO          588    i.OLED_ShowNumber   oled.o
    0x08000c92   0x08000c92   0x0000000c   Code   RO          590    i.OLED_WR_Byte      oled.o
    0x08000c9e   0x08000c9e   0x00000002   PAD
    0x08000ca0   0x08000ca0   0x0000004c   Code   RO          591    i.OLED_Write_IIC_Byte  oled.o
    0x08000cec   0x08000cec   0x0000002e   Code   RO          592    i.OLED_Write_IIC_Command  oled.o
    0x08000d1a   0x08000d1a   0x0000002e   Code   RO          593    i.OLED_Write_IIC_Data  oled.o
    0x08000d48   0x08000d48   0x00000018   Code   RO         2169    i.PS2_ClearData     ps2.o
    0x08000d60   0x08000d60   0x00000088   Code   RO         2170    i.PS2_Cmd           ps2.o
    0x08000de8   0x08000de8   0x00000040   Code   RO         2171    i.PS2_DataKey       ps2.o
    0x08000e28   0x08000e28   0x0000005c   Code   RO         2172    i.PS2_EnterConfing  ps2.o
    0x08000e84   0x08000e84   0x0000005c   Code   RO         2173    i.PS2_ExitConfing   ps2.o
    0x08000ee0   0x08000ee0   0x00000058   Code   RO         2174    i.PS2_Init          ps2.o
    0x08000f38   0x08000f38   0x000000b0   Code   RO         2175    i.PS2_ReadData      ps2.o
    0x08000fe8   0x08000fe8   0x00000040   Code   RO         2176    i.PS2_Receive       ps2.o
    0x08001028   0x08001028   0x0000001e   Code   RO         2178    i.PS2_SetInit       ps2.o
    0x08001046   0x08001046   0x00000002   PAD
    0x08001048   0x08001048   0x00000044   Code   RO         2179    i.PS2_ShortPoll     ps2.o
    0x0800108c   0x0800108c   0x00000058   Code   RO         2180    i.PS2_TurnOnAnalogMode  ps2.o
    0x080010e4   0x080010e4   0x0000000c   Code   RO          774    i.PWM_SetCompare1   pwm.o
    0x080010f0   0x080010f0   0x0000000c   Code   RO          775    i.PWM_SetCompare2   pwm.o
    0x080010fc   0x080010fc   0x00000002   Code   RO          258    i.PendSV_Handler    stm32f4xx_it.o
    0x080010fe   0x080010fe   0x00000002   PAD
    0x08001100   0x08001100   0x00000018   Code   RO         4945    i.RCC_AHB1PeriphClockCmd  stm32f4xx_rcc.o
    0x08001118   0x08001118   0x00000018   Code   RO         4954    i.RCC_APB1PeriphClockCmd  stm32f4xx_rcc.o
    0x08001130   0x08001130   0x00000018   Code   RO         4957    i.RCC_APB2PeriphClockCmd  stm32f4xx_rcc.o
    0x08001148   0x08001148   0x00000002   Code   RO          259    i.SVC_Handler       stm32f4xx_it.o
    0x0800114a   0x0800114a   0x00000002   PAD
    0x0800114c   0x0800114c   0x000000bc   Code   RO          776    i.Servo_PWM_Init    pwm.o
    0x08001208   0x08001208   0x000000b4   Code   RO         7276    i.SetSysClock       system_stm32f4xx.o
    0x080012bc   0x080012bc   0x00000070   Code   RO          493    i.Set_Pwm           motor.o
    0x0800132c   0x0800132c   0x00000034   Code   RO          777    i.Set_Servo_Position  pwm.o
    0x08001360   0x08001360   0x0000005c   Code   RO         7278    i.SystemInit        system_stm32f4xx.o
    0x080013bc   0x080013bc   0x0000002e   Code   RO         6325    i.TI1_Config        stm32f4xx_tim.o
    0x080013ea   0x080013ea   0x00000036   Code   RO         6326    i.TI2_Config        stm32f4xx_tim.o
    0x08001420   0x08001420   0x0000001e   Code   RO          325    i.TIM2_IRQHandler   encoder.o
    0x0800143e   0x0800143e   0x00000002   PAD
    0x08001440   0x08001440   0x00000024   Code   RO          326    i.TIM3_IRQHandler   encoder.o
    0x08001464   0x08001464   0x00000014   Code   RO         6327    i.TIM_ARRPreloadConfig  stm32f4xx_tim.o
    0x08001478   0x08001478   0x00000006   Code   RO         6333    i.TIM_ClearFlag     stm32f4xx_tim.o
    0x0800147e   0x0800147e   0x00000006   Code   RO         6334    i.TIM_ClearITPendingBit  stm32f4xx_tim.o
    0x08001484   0x08001484   0x00000014   Code   RO         6339    i.TIM_Cmd           stm32f4xx_tim.o
    0x08001498   0x08001498   0x00000016   Code   RO         6341    i.TIM_CtrlPWMOutputs  stm32f4xx_tim.o
    0x080014ae   0x080014ae   0x00000032   Code   RO         6348    i.TIM_EncoderInterfaceConfig  stm32f4xx_tim.o
    0x080014e0   0x080014e0   0x00000018   Code   RO         6360    i.TIM_GetITStatus   stm32f4xx_tim.o
    0x080014f8   0x080014f8   0x000000ac   Code   RO         6362    i.TIM_ICInit        stm32f4xx_tim.o
    0x080015a4   0x080015a4   0x00000010   Code   RO         6363    i.TIM_ICStructInit  stm32f4xx_tim.o
    0x080015b4   0x080015b4   0x00000010   Code   RO         6364    i.TIM_ITConfig      stm32f4xx_tim.o
    0x080015c4   0x080015c4   0x00000060   Code   RO         6368    i.TIM_OC1Init       stm32f4xx_tim.o
    0x08001624   0x08001624   0x0000000c   Code   RO         6371    i.TIM_OC1PreloadConfig  stm32f4xx_tim.o
    0x08001630   0x08001630   0x00000080   Code   RO         6373    i.TIM_OC2Init       stm32f4xx_tim.o
    0x080016b0   0x080016b0   0x00000014   Code   RO         6376    i.TIM_OC2PreloadConfig  stm32f4xx_tim.o
    0x080016c4   0x080016c4   0x00000014   Code   RO         6386    i.TIM_OCStructInit  stm32f4xx_tim.o
    0x080016d8   0x080016d8   0x0000004a   Code   RO         6395    i.TIM_SelectOCxM    stm32f4xx_tim.o
    0x08001722   0x08001722   0x00000004   Code   RO         6401    i.TIM_SetCompare1   stm32f4xx_tim.o
    0x08001726   0x08001726   0x00000004   Code   RO         6402    i.TIM_SetCompare2   stm32f4xx_tim.o
    0x0800172a   0x0800172a   0x00000004   Code   RO         6405    i.TIM_SetCounter    stm32f4xx_tim.o
    0x0800172e   0x0800172e   0x00000010   Code   RO         6406    i.TIM_SetIC1Prescaler  stm32f4xx_tim.o
    0x0800173e   0x0800173e   0x00000018   Code   RO         6407    i.TIM_SetIC2Prescaler  stm32f4xx_tim.o
    0x08001756   0x08001756   0x00000010   Code   RO         6408    i.TIM_SetIC3Prescaler  stm32f4xx_tim.o
    0x08001766   0x08001766   0x00000018   Code   RO         6409    i.TIM_SetIC4Prescaler  stm32f4xx_tim.o
    0x0800177e   0x0800177e   0x00000002   PAD
    0x08001780   0x08001780   0x0000007c   Code   RO         6411    i.TIM_TimeBaseInit  stm32f4xx_tim.o
    0x080017fc   0x080017fc   0x00000012   Code   RO         6412    i.TIM_TimeBaseStructInit  stm32f4xx_tim.o
    0x0800180e   0x0800180e   0x00000002   PAD
    0x08001810   0x08001810   0x00000064   Code   RO         2409    i.USART1_IRQHandler  usart.o
    0x08001874   0x08001874   0x00000020   Code   RO         1893    i.USART2_IRQHandler  bluetooth.o
    0x08001894   0x08001894   0x0000000e   Code   RO         6883    i.USART_GetFlagStatus  stm32f4xx_usart.o
    0x080018a2   0x080018a2   0x0000003e   Code   RO         6884    i.USART_GetITStatus  stm32f4xx_usart.o
    0x080018e0   0x080018e0   0x00000008   Code   RO         6894    i.USART_ReceiveData  stm32f4xx_usart.o
    0x080018e8   0x080018e8   0x00000002   Code   RO          260    i.UsageFault_Handler  stm32f4xx_it.o
    0x080018ea   0x080018ea   0x0000000e   Code   RO         7731    i.__scatterload_copy  mc_w.l(handlers.o)
    0x080018f8   0x080018f8   0x00000002   Code   RO         7732    i.__scatterload_null  mc_w.l(handlers.o)
    0x080018fa   0x080018fa   0x0000000e   Code   RO         7733    i.__scatterload_zeroinit  mc_w.l(handlers.o)
    0x08001908   0x08001908   0x00000064   Code   RO            4    i.main              main.o
    0x0800196c   0x0800196c   0x00000008   Code   RO          496    i.myabs             motor.o
    0x08001974   0x08001974   0x00000010   Code   RO          596    i.oled_pow          oled.o
    0x08001984   0x08001984   0x00000818   Data   RO          597    .constdata          oled.o
    0x0800219c   0x0800219c   0x000017c0   Data   RO         1593    .constdata          lcd.o
    0x0800395c   0x0800395c   0x00000020   Data   RO         7729    Region$$Table       anon$$obj.o


    Execution Region RW_IRAM1 (Exec base: 0x20000000, Load base: 0x0800397c, Size: 0x00000540, Max: 0x00020000, ABSOLUTE)

    Exec Addr    Load Addr    Size         Type   Attr      Idx    E Section Name        Object

    0x20000000   0x0800397c   0x00000004   Data   RW           20    .data               main.o
    0x20000004   0x08003980   0x00000004   Data   RW           21    .data               main.o
    0x20000008   0x08003984   0x00000004   Data   RW           22    .data               main.o
    0x2000000c   0x08003988   0x00000004   Data   RW           23    .data               main.o
    0x20000010   0x0800398c   0x00000004   Data   RW           24    .data               main.o
    0x20000014   0x08003990   0x00000004   Data   RW         1594    .data               lcd.o
    0x20000018   0x08003994   0x00000024   Data   RW         2184    .data               ps2.o
    0x2000003c   0x080039b8   0x00000002   Data   RW         2414    .data               usart.o
    0x2000003e   0x080039ba   0x00000002   PAD
    0x20000040   0x080039bc   0x00000008   Data   RW         2540    .data               dcmi.o
    0x20000048   0x080039c4   0x00000014   Data   RW         7279    .data               system_stm32f4xx.o
    0x2000005c        -       0x0000000e   Zero   RW         1592    .bss                lcd.o
    0x2000006a        -       0x00000009   Zero   RW         2183    .bss                ps2.o
    0x20000073        -       0x000000c8   Zero   RW         2413    .bss                usart.o
    0x2000013b   0x080039d8   0x00000005   PAD
    0x20000140        -       0x00000400   Zero   RW         7266    STACK               startup_stm32f40xx.o


==============================================================================

Image component sizes


      Code (inc. data)   RO Data    RW Data    ZI Data      Debug   Object Name

        32          6          0          0          0        520   bluetooth.o
        84         10          0          8          0        894   dcmi.o
        54          0          0          0          0       1412   delay.o
       410         20          0          0          0       2456   encoder.o
        72          8          0          0          0        527   key.o
       602         28       6080          4         14       7209   lcd.o
       100         10          0          0          0       1054   led.o
       100          4          0         20          0     279766   main.o
        20         10          0          0          0        587   misc.o
       176         10          0          0          0       2111   motor.o
       930         32       2072          0          0       9161   oled.o
      1110        106          0         36          9       8055   ps2.o
       464         44          0          0          0       3086   pwm.o
        36          8        392          0       1024        928   startup_stm32f40xx.o
        32         10          0          0          0       1292   stm32f4xx_dcmi.o
       218          0          0          0          0       4024   stm32f4xx_gpio.o
        16          0          0          0          0       3668   stm32f4xx_it.o
        72         18          0          0          0       1983   stm32f4xx_rcc.o
      1036         44          0          0          0      20070   stm32f4xx_tim.o
        84          0          0          0          0       3062   stm32f4xx_usart.o
       272         36          0         20          0       2309   system_stm32f4xx.o
       100         12          0          2        200       2528   usart.o

    ----------------------------------------------------------------------
      6050        416       8576         92       1252     356702   Object Totals
         0          0         32          0          0          0   (incl. Generated)
        30          0          0          2          5          0   (incl. Padding)

    ----------------------------------------------------------------------

      Code (inc. data)   RO Data    RW Data    ZI Data      Debug   Library Member Name

         0          0          0          0          0          0   entry.o
         0          0          0          0          0          0   entry10a.o
         0          0          0          0          0          0   entry11a.o
         4          0          0          0          0          0   entry12b.o
         8          4          0          0          0          0   entry2.o
         4          0          0          0          0          0   entry5.o
         0          0          0          0          0          0   entry7b.o
         0          0          0          0          0          0   entry8b.o
         8          4          0          0          0          0   entry9a.o
        30          0          0          0          0          0   handlers.o
        36          8          0          0          0         68   init.o

    ----------------------------------------------------------------------
        90         16          0          0          0         68   Library Totals
         0          0          0          0          0          0   (incl. Padding)

    ----------------------------------------------------------------------

      Code (inc. data)   RO Data    RW Data    ZI Data      Debug   Library Name

        90         16          0          0          0         68   mc_w.l

    ----------------------------------------------------------------------
        90         16          0          0          0         68   Library Totals

    ----------------------------------------------------------------------

==============================================================================


      Code (inc. data)   RO Data    RW Data    ZI Data      Debug   

      6140        432       8576         92       1252     347474   Grand Totals
      6140        432       8576         92       1252     347474   ELF Image Totals
      6140        432       8576         92          0          0   ROM Totals

==============================================================================

    Total RO  Size (Code + RO Data)                14716 (  14.37kB)
    Total RW  Size (RW Data + ZI Data)              1344 (   1.31kB)
    Total ROM Size (Code + RO Data + RW Data)      14808 (  14.46kB)

==============================================================================

